Component: ARM Compiler 5.06 update 6 (build 750) Tool: armlink [4d35ed]

==============================================================================

Section Cross References

    startup_stm32f103xb.o(STACK) refers (Special) to heapauxi.o(.text) for __use_two_region_memory
    startup_stm32f103xb.o(HEAP) refers (Special) to heapauxi.o(.text) for __use_two_region_memory
    startup_stm32f103xb.o(RESET) refers (Special) to heapauxi.o(.text) for __use_two_region_memory
    startup_stm32f103xb.o(RESET) refers to startup_stm32f103xb.o(STACK) for __initial_sp
    startup_stm32f103xb.o(RESET) refers to startup_stm32f103xb.o(.text) for Reset_Handler
    startup_stm32f103xb.o(RESET) refers to stm32f1xx_it.o(i.NMI_Handler) for NMI_Handler
    startup_stm32f103xb.o(RESET) refers to stm32f1xx_it.o(i.HardFault_Handler) for HardFault_Handler
    startup_stm32f103xb.o(RESET) refers to stm32f1xx_it.o(i.MemManage_Handler) for MemManage_Handler
    startup_stm32f103xb.o(RESET) refers to stm32f1xx_it.o(i.BusFault_Handler) for BusFault_Handler
    startup_stm32f103xb.o(RESET) refers to stm32f1xx_it.o(i.UsageFault_Handler) for UsageFault_Handler
    startup_stm32f103xb.o(RESET) refers to port.o(.emb_text) for SVC_Handler
    startup_stm32f103xb.o(RESET) refers to stm32f1xx_it.o(i.DebugMon_Handler) for DebugMon_Handler
    startup_stm32f103xb.o(RESET) refers to cmsis_os2.o(i.SysTick_Handler) for SysTick_Handler
    startup_stm32f103xb.o(RESET) refers to stm32f1xx_it.o(i.TIM3_IRQHandler) for TIM3_IRQHandler
    startup_stm32f103xb.o(RESET) refers to stm32f1xx_it.o(i.TIM4_IRQHandler) for TIM4_IRQHandler
    startup_stm32f103xb.o(RESET) refers to stm32f1xx_it.o(i.USART2_IRQHandler) for USART2_IRQHandler
    startup_stm32f103xb.o(.text) refers (Special) to heapauxi.o(.text) for __use_two_region_memory
    startup_stm32f103xb.o(.text) refers to system_stm32f1xx.o(i.SystemInit) for SystemInit
    startup_stm32f103xb.o(.text) refers to __main.o(!!!main) for __main
    startup_stm32f103xb.o(.text) refers to startup_stm32f103xb.o(HEAP) for Heap_Mem
    startup_stm32f103xb.o(.text) refers to startup_stm32f103xb.o(STACK) for Stack_Mem
    key.o(i.key_func) refers to stm32f1xx_hal_gpio.o(i.HAL_GPIO_ReadPin) for HAL_GPIO_ReadPin
    timestamp.o(i.ESP8266_GetIPD_GET) refers to tasks.o(i.vTaskDelay) for vTaskDelay
    timestamp.o(i.ESP8266_GetIPD_GET) refers to strcpy.o(.text) for strcpy
    timestamp.o(i.ESP8266_GetIPD_GET) refers to driver_esp8266.o(.bss) for esp8266_buf
    timestamp.o(i.Get_current_time) refers to driver_esp8266.o(i.ESP8266_Init) for ESP8266_Init
    timestamp.o(i.Get_current_time) refers to driver_esp8266.o(i.ESP8266_Clear) for ESP8266_Clear
    timestamp.o(i.Get_current_time) refers to driver_esp8266.o(i.ESP8266_SendCmd) for ESP8266_SendCmd
    timestamp.o(i.Get_current_time) refers to driver_esp8266.o(i.ESP8266_SendData) for ESP8266_SendData
    timestamp.o(i.Get_current_time) refers to tasks.o(i.vTaskDelay) for vTaskDelay
    timestamp.o(i.Get_current_time) refers to timestamp.o(i.process_time_json) for process_time_json
    timestamp.o(i.Get_current_time) refers to oled.o(i.OLED_ShowString) for OLED_ShowString
    timestamp.o(i.Get_current_time) refers to oled_driver.o(i.OLED_Update) for OLED_Update
    timestamp.o(i.Get_current_time) refers to timestamp.o(.conststring) for .conststring
    timestamp.o(i.extract_timestamp) refers to strstr.o(.text) for strstr
    timestamp.o(i.extract_timestamp) refers to strlen.o(.text) for strlen
    timestamp.o(i.extract_timestamp) refers to rt_memclr_w.o(.text) for __aeabi_memclr4
    timestamp.o(i.extract_timestamp) refers to atoi.o(.text) for atoi
    timestamp.o(i.process_time_json) refers to rt_memclr_w.o(.text) for __aeabi_memclr4
    timestamp.o(i.process_time_json) refers to timestamp.o(i.ESP8266_GetIPD_GET) for ESP8266_GetIPD_GET
    timestamp.o(i.process_time_json) refers to timestamp.o(i.extract_timestamp) for extract_timestamp
    timestamp.o(i.process_time_json) refers to timestamp.o(.data) for .data
    timestamp.o(i.stamp_to_standard) refers to localtime.o(.text) for localtime
    timestamp.o(i.stamp_to_standard) refers to rt_memcpy_w.o(.text) for __aeabi_memcpy4
    timestamp.o(i.stamp_to_standard) refers to strftime.o(.text) for strftime
    timestamp.o(i.stamp_to_standard) refers to atoi.o(.text) for atoi
    timestamp.o(i.timestamp_updata) refers to driver_esp8266.o(i.ESP8266_SendData) for ESP8266_SendData
    timestamp.o(i.timestamp_updata) refers to tasks.o(i.vTaskDelay) for vTaskDelay
    timestamp.o(i.timestamp_updata) refers to timestamp.o(i.process_time_json) for process_time_json
    timestamp.o(i.timestamp_updata) refers to driver_esp8266.o(i.ESP8266_SendCmd) for ESP8266_SendCmd
    timestamp.o(i.timestamp_updata) refers to timestamp.o(.conststring) for .conststring
    main.o(i.HAL_TIM_PeriodElapsedCallback) refers to stm32f1xx_hal.o(i.HAL_IncTick) for HAL_IncTick
    main.o(i.SystemClock_Config) refers to rt_memclr_w.o(.text) for __aeabi_memclr4
[...]
    __rt_entry_presh_1                       0x0800021f   Thumb Code     0  __rtentry2.o(.ARM.Collect$$rtentry$$00000002)
    __rt_entry_sh                            0x0800021f   Thumb Code     0  __rtentry4.o(.ARM.Collect$$rtentry$$00000004)
    __rt_entry_li                            0x08000225   Thumb Code     0  __rtentry2.o(.ARM.Collect$$rtentry$$0000000A)
    __rt_entry_postsh_1                      0x08000225   Thumb Code     0  __rtentry2.o(.ARM.Collect$$rtentry$$00000009)
    __rt_entry_main                          0x08000229   Thumb Code     0  __rtentry2.o(.ARM.Collect$$rtentry$$0000000D)
    __rt_entry_postli_1                      0x08000229   Thumb Code     0  __rtentry2.o(.ARM.Collect$$rtentry$$0000000C)
    __rt_exit                                0x08000231   Thumb Code     0  rtexit.o(.ARM.Collect$$rtexit$$00000000)
    __rt_exit_ls                             0x08000233   Thumb Code     0  rtexit2.o(.ARM.Collect$$rtexit$$00000003)
    __rt_exit_prels_1                        0x08000233   Thumb Code     0  rtexit2.o(.ARM.Collect$$rtexit$$00000002)
    __rt_exit_exit                           0x08000237   Thumb Code     0  rtexit2.o(.ARM.Collect$$rtexit$$00000004)
    SVC_Handler                              0x0800023d   Thumb Code    32  port.o(.emb_text)
    __asm___6_port_c_39a90d8d__prvStartFirstTask 0x08000261   Thumb Code    28  port.o(.emb_text)
    PendSV_Handler                           0x08000281   Thumb Code    72  port.o(.emb_text)
    vPortGetIPSR                             0x080002cd   Thumb Code     6  port.o(.emb_text)
    Reset_Handler                            0x080002d5   Thumb Code     8  startup_stm32f103xb.o(.text)
    ADC1_2_IRQHandler                        0x080002ef   Thumb Code     0  startup_stm32f103xb.o(.text)
    CAN1_RX1_IRQHandler                      0x080002ef   Thumb Code     0  startup_stm32f103xb.o(.text)
    CAN1_SCE_IRQHandler                      0x080002ef   Thumb Code     0  startup_stm32f103xb.o(.text)
    DMA1_Channel1_IRQHandler                 0x080002ef   Thumb Code     0  startup_stm32f103xb.o(.text)
    DMA1_Channel2_IRQHandler                 0x080002ef   Thumb Code     0  startup_stm32f103xb.o(.text)
    DMA1_Channel3_IRQHandler                 0x080002ef   Thumb Code     0  startup_stm32f103xb.o(.text)
    DMA1_Channel4_IRQHandler                 0x080002ef   Thumb Code     0  startup_stm32f103xb.o(.text)
    DMA1_Channel5_IRQHandler                 0x080002ef   Thumb Code     0  startup_stm32f103xb.o(.text)
    DMA1_Channel6_IRQHandler                 0x080002ef   Thumb Code     0  startup_stm32f103xb.o(.text)
    DMA1_Channel7_IRQHandler                 0x080002ef   Thumb Code     0  startup_stm32f103xb.o(.text)
    EXTI0_IRQHandler                         0x080002ef   Thumb Code     0  startup_stm32f103xb.o(.text)
    EXTI15_10_IRQHandler                     0x080002ef   Thumb Code     0  startup_stm32f103xb.o(.text)
    EXTI1_IRQHandler                         0x080002ef   Thumb Code     0  startup_stm32f103xb.o(.text)
    EXTI2_IRQHandler                         0x080002ef   Thumb Code     0  startup_stm32f103xb.o(.text)
    EXTI3_IRQHandler                         0x080002ef   Thumb Code     0  startup_stm32f103xb.o(.text)
    EXTI4_IRQHandler                         0x080002ef   Thumb Code     0  startup_stm32f103xb.o(.text)
    EXTI9_5_IRQHandler                       0x080002ef   Thumb Code     0  startup_stm32f103xb.o(.text)
    FLASH_IRQHandler                         0x080002ef   Thumb Code     0  startup_stm32f103xb.o(.text)
    I2C1_ER_IRQHandler                       0x080002ef   Thumb Code     0  startup_stm32f103xb.o(.text)
    I2C1_EV_IRQHandler                       0x080002ef   Thumb Code     0  startup_stm32f103xb.o(.text)
    I2C2_ER_IRQHandler                       0x080002ef   Thumb Code     0  startup_stm32f103xb.o(.text)
    I2C2_EV_IRQHandler                       0x080002ef   Thumb Code     0  startup_stm32f103xb.o(.text)
    PVD_IRQHandler                           0x080002ef   Thumb Code     0  startup_stm32f103xb.o(.text)
    RCC_IRQHandler                           0x080002ef   Thumb Code     0  startup_stm32f103xb.o(.text)
    RTC_Alarm_IRQHandler                     0x080002ef   Thumb Code     0  startup_stm32f103xb.o(.text)
    RTC_IRQHandler                           0x080002ef   Thumb Code     0  startup_stm32f103xb.o(.text)
    SPI1_IRQHandler                          0x080002ef   Thumb Code     0  startup_stm32f103xb.o(.text)
    SPI2_IRQHandler                          0x080002ef   Thumb Code     0  startup_stm32f103xb.o(.text)
    TAMPER_IRQHandler                        0x080002ef   Thumb Code     0  startup_stm32f103xb.o(.text)
    TIM1_BRK_IRQHandler                      0x080002ef   Thumb Code     0  startup_stm32f103xb.o(.text)
    TIM1_CC_IRQHandler                       0x080002ef   Thumb Code     0  startup_stm32f103xb.o(.text)
    TIM1_TRG_COM_IRQHandler                  0x080002ef   Thumb Code     0  startup_stm32f103xb.o(.text)
    TIM1_UP_IRQHandler                       0x080002ef   Thumb Code     0  startup_stm32f103xb.o(.text)
    TIM2_IRQHandler                          0x080002ef   Thumb Code     0  startup_stm32f103xb.o(.text)
    USART1_IRQHandler                        0x080002ef   Thumb Code     0  startup_stm32f103xb.o(.text)
    USART3_IRQHandler                        0x080002ef   Thumb Code     0  startup_stm32f103xb.o(.text)
    USBWakeUp_IRQHandler                     0x080002ef   Thumb Code     0  startup_stm32f103xb.o(.text)
    USB_HP_CAN1_TX_IRQHandler                0x080002ef   Thumb Code     0  startup_stm32f103xb.o(.text)
    USB_LP_CAN1_RX0_IRQHandler               0x080002ef   Thumb Code     0  startup_stm32f103xb.o(.text)
    WWDG_IRQHandler                          0x080002ef   Thumb Code     0  startup_stm32f103xb.o(.text)
    __user_initial_stackheap                 0x080002f1   Thumb Code     0  startup_stm32f103xb.o(.text)
    __2sprintf                               0x08000315   Thumb Code    38  __2sprintf.o(.text)
    atoi                                     0x08000341   Thumb Code    26  atoi.o(.text)
    strstr                                   0x0800035b   Thumb Code    36  strstr.o(.text)
    strcpy                                   0x0800037f   Thumb Code    72  strcpy.o(.text)
    strlen                                   0x080003c7   Thumb Code    62  strlen.o(.text)
    __aeabi_memcpy                           0x08000405   Thumb Code     0  rt_memcpy_v6.o(.text)
    __rt_memcpy                              0x08000405   Thumb Code   138  rt_memcpy_v6.o(.text)
    _memcpy_lastbytes                        0x0800046b   Thumb Code     0  rt_memcpy_v6.o(.text)
    __aeabi_memcpy4                          0x0800048f   Thumb Code     0  rt_memcpy_w.o(.text)
    __aeabi_memcpy8                          0x0800048f   Thumb Code     0  rt_memcpy_w.o(.text)
    __rt_memcpy_w                            0x0800048f   Thumb Code   100  rt_memcpy_w.o(.text)
    _memcpy_lastbytes_aligned                0x080004d7   Thumb Code     0  rt_memcpy_w.o(.text)
    __aeabi_memset                           0x080004f3   Thumb Code    16  aeabi_memset.o(.text)
    __aeabi_memclr                           0x08000503   Thumb Code     0  rt_memclr.o(.text)
    __rt_memclr                              0x08000503   Thumb Code    68  rt_memclr.o(.text)
    _memset                                  0x08000507   Thumb Code     0  rt_memclr.o(.text)
    __aeabi_memclr4                          0x08000547   Thumb Code     0  rt_memclr_w.o(.text)
    __aeabi_memclr8                          0x08000547   Thumb Code     0  rt_memclr_w.o(.text)
    __rt_memclr_w                            0x08000547   Thumb Code    78  rt_memclr_w.o(.text)
    _memset_w                                0x0800054b   Thumb Code     0  rt_memclr_w.o(.text)
    strcmp                                   0x08000595   Thumb Code   128  strcmpv7m.o(.text)
    localtime                                0x08000615   Thumb Code     6  localtime.o(.text)
    strftime                                 0x08000661   Thumb Code   634  strftime.o(.text)
    __use_two_region_memory                  0x08000981   Thumb Code     2  heapauxi.o(.text)
    __rt_heap_escrow$2region                 0x08000983   Thumb Code     2  heapauxi.o(.text)
    __rt_heap_expand$2region                 0x08000985   Thumb Code     2  heapauxi.o(.text)
    __rt_locale                              0x08000989   Thumb Code     8  rt_locale_intlibspace.o(.text)
    __aeabi_errno_addr                       0x08000991   Thumb Code     8  rt_errno_addr_intlibspace.o(.text)
    __errno$intlibspace                      0x08000991   Thumb Code     0  rt_errno_addr_intlibspace.o(.text)
    __rt_errno_addr$intlibspace              0x08000991   Thumb Code     0  rt_errno_addr_intlibspace.o(.text)
    sprintf                                  0x08000999   Thumb Code    38  sprintf.o(.text)
    _printf_pre_padding                      0x080009c5   Thumb Code    44  _printf_pad.o(.text)
    _printf_post_padding                     0x080009f1   Thumb Code    34  _printf_pad.o(.text)
    _printf_truncate_signed                  0x08000a13   Thumb Code    18  _printf_truncate.o(.text)
    _printf_truncate_unsigned                0x08000a25   Thumb Code    18  _printf_truncate.o(.text)
    _printf_str                              0x08000a37   Thumb Code    82  _printf_str.o(.text)
    _printf_int_dec                          0x08000a89   Thumb Code   104  _printf_dec.o(.text)
    _printf_charcount                        0x08000b01   Thumb Code    40  _printf_charcount.o(.text)
    _printf_char_common                      0x08000b33   Thumb Code    32  _printf_char_common.o(.text)
    _sputc                                   0x08000b59   Thumb Code    10  _sputc.o(.text)
    _printf_wctomb                           0x08000b65   Thumb Code   182  _printf_wctomb.o(.text)
    _printf_longlong_dec                     0x08000c21   Thumb Code   108  _printf_longlong_dec.o(.text)
    _printf_longlong_oct                     0x08000c9d   Thumb Code    66  _printf_oct_int_ll.o(.text)
    _printf_int_oct                          0x08000cdf   Thumb Code    24  _printf_oct_int_ll.o(.text)
    _printf_ll_oct                           0x08000cf7   Thumb Code    12  _printf_oct_int_ll.o(.text)
    _printf_longlong_hex                     0x08000d0d   Thumb Code    86  _printf_hex_int_ll_ptr.o(.text)
    _printf_int_hex                          0x08000d63   Thumb Code    28  _printf_hex_int_ll_ptr.o(.text)
    _printf_ll_hex                           0x08000d7f   Thumb Code    12  _printf_hex_int_ll_ptr.o(.text)
    _printf_hex_ptr                          0x08000d8b   Thumb Code    18  _printf_hex_int_ll_ptr.o(.text)
    __printf                                 0x08000da1   Thumb Code   388  __printf_flags_ss_wp.o(.text)
    strtol                                   0x08000f29   Thumb Code   112  strtol.o(.text)
    _localtime_r                             0x08000f99   Thumb Code   178  localtime_internal.o(.text)
    _n$localtime_r                           0x08000f99   Thumb Code     0  localtime_internal.o(.text)
    __user_libspace                          0x08001051   Thumb Code     8  libspace.o(.text)
    __user_perproc_libspace                  0x08001051   Thumb Code     0  libspace.o(.text)
    __user_perthread_libspace                0x08001051   Thumb Code     0  libspace.o(.text)
    __rt_ctype_table                         0x08001059   Thumb Code    16  rt_ctype_table.o(.text)
    _ll_udiv10                               0x08001069   Thumb Code   138  lludiv10.o(.text)
    _printf_int_common                       0x080010f3   Thumb Code   178  _printf_intcommon.o(.text)
    __lib_sel_fp_printf                      0x080011a5   Thumb Code     2  _printf_fp_dec.o(.text)
    _printf_fp_dec_real                      0x08001357   Thumb Code   620  _printf_fp_dec.o(.text)
    _printf_fp_hex_real                      0x080015c5   Thumb Code   756  _printf_fp_hex.o(.text)
    _printf_cs_common                        0x080018c1   Thumb Code    20  _printf_char.o(.text)
    _printf_char                             0x080018d5   Thumb Code    16  _printf_char.o(.text)
    _printf_string                           0x080018e5   Thumb Code     8  _printf_char.o(.text)
    _printf_lcs_common                       0x080018ed   Thumb Code    20  _printf_wchar.o(.text)
    _printf_wchar                            0x08001901   Thumb Code    16  _printf_wchar.o(.text)
    _printf_wstring                          0x08001911   Thumb Code     8  _printf_wchar.o(.text)
    _strtoul                                 0x08001919   Thumb Code   158  _strtoul.o(.text)
    _wcrtomb                                 0x080019b7   Thumb Code    64  _wcrtomb.o(.text)
    __user_setup_stackheap                   0x080019f7   Thumb Code    74  sys_stackheap_outer.o(.text)
    _printf_fp_infnan                        0x08001a41   Thumb Code   112  _printf_fp_infnan.o(.text)
    _chval                                   0x08001ac1   Thumb Code    28  _chval.o(.text)
    _btod_etento                             0x08001add   Thumb Code   224  bigflt0.o(.text)
    exit                                     0x08001bc1   Thumb Code    18  exit.o(.text)
    _sys_exit                                0x08001bd5   Thumb Code     8  sys_exit.o(.text)
    __I$use$semihosting                      0x08001be1   Thumb Code     0  use_no_semi.o(.text)
    __use_no_semihosting_swi                 0x08001be1   Thumb Code     2  use_no_semi.o(.text)
    __semihosting_library_function           0x08001be3   Thumb Code     0  indicate_semi.o(.text)
    _btod_d2e                                0x08001be3   Thumb Code    62  btod.o(CL$$btod_d2e)
    _d2e_denorm_low                          0x08001c21   Thumb Code    70  btod.o(CL$$btod_d2e_denorm_low)
    _d2e_norm_op1                            0x08001c67   Thumb Code    96  btod.o(CL$$btod_d2e_norm_op1)
    __btod_div_common                        0x08001cc7   Thumb Code   696  btod.o(CL$$btod_div_common)
    _e2e                                     0x08001fff   Thumb Code   220  btod.o(CL$$btod_e2e)
    _btod_ediv                               0x080020db   Thumb Code    42  btod.o(CL$$btod_ediv)
    _btod_emul                               0x08002105   Thumb Code    42  btod.o(CL$$btod_emul)
    __btod_mult_common                       0x0800212f   Thumb Code   580  btod.o(CL$$btod_mult_common)
    BusFault_Handler                         0x08002373   Thumb Code     2  stm32f1xx_it.o(i.BusFault_Handler)
    DebugMon_Handler                         0x08002375   Thumb Code     2  stm32f1xx_it.o(i.DebugMon_Handler)
    ESP8266_Clear                            0x08002379   Thumb Code    20  driver_esp8266.o(i.ESP8266_Clear)
    ESP8266_GetIPD_GET                       0x08002395   Thumb Code    20  timestamp.o(i.ESP8266_GetIPD_GET)
    ESP8266_Init                             0x080023ad   Thumb Code    92  driver_esp8266.o(i.ESP8266_Init)
    ESP8266_SendCmd                          0x0800247d   Thumb Code    68  driver_esp8266.o(i.ESP8266_SendCmd)
    ESP8266_SendData                         0x080024c9   Thumb Code    46  driver_esp8266.o(i.ESP8266_SendData)
    ESP8266_UART_Receive_Init                0x08002511   Thumb Code    10  driver_esp8266.o(i.ESP8266_UART_Receive_Init)
    ESP8266_WaitRecive                       0x08002525   Thumb Code    28  driver_esp8266.o(i.ESP8266_WaitRecive)
    EncoderTask                              0x08002545   Thumb Code   188  freertos.o(i.EncoderTask)
    Error_Handler                            0x08002605   Thumb Code     4  main.o(i.Error_Handler)
    Get_current_time                         0x08002609   Thumb Code    88  timestamp.o(i.Get_current_time)
    HAL_DMA_Abort                            0x080026b9   Thumb Code    70  stm32f1xx_hal_dma.o(i.HAL_DMA_Abort)
    HAL_DMA_Abort_IT                         0x08002701   Thumb Code   148  stm32f1xx_hal_dma.o(i.HAL_DMA_Abort_IT)
    HAL_GPIO_Init                            0x08002799   Thumb Code   446  stm32f1xx_hal_gpio.o(i.HAL_GPIO_Init)
    HAL_GPIO_WritePin                        0x08002979   Thumb Code    10  stm32f1xx_hal_gpio.o(i.HAL_GPIO_WritePin)
    HAL_GetTick                              0x08002985   Thumb Code     6  stm32f1xx_hal.o(i.HAL_GetTick)
    HAL_I2C_Init                             0x08002991   Thumb Code   376  stm32f1xx_hal_i2c.o(i.HAL_I2C_Init)
    HAL_I2C_Master_Transmit                  0x08002b19   Thumb Code   290  stm32f1xx_hal_i2c.o(i.HAL_I2C_Master_Transmit)
    HAL_I2C_Mem_Write                        0x08002c45   Thumb Code   294  stm32f1xx_hal_i2c.o(i.HAL_I2C_Mem_Write)
    HAL_I2C_MspInit                          0x08002d75   Thumb Code    80  i2c.o(i.HAL_I2C_MspInit)
    HAL_IncTick                              0x08002dd1   Thumb Code    12  stm32f1xx_hal.o(i.HAL_IncTick)
    HAL_Init                                 0x08002de1   Thumb Code    32  stm32f1xx_hal.o(i.HAL_Init)
    HAL_InitTick                             0x08002e05   Thumb Code   132  stm32f1xx_hal_timebase_tim.o(i.HAL_InitTick)
    HAL_MspInit                              0x08002e9d   Thumb Code    62  stm32f1xx_hal_msp.o(i.HAL_MspInit)
    HAL_NVIC_EnableIRQ                       0x08002ee5   Thumb Code    26  stm32f1xx_hal_cortex.o(i.HAL_NVIC_EnableIRQ)
    HAL_NVIC_SetPriority                     0x08002f01   Thumb Code    60  stm32f1xx_hal_cortex.o(i.HAL_NVIC_SetPriority)
    HAL_NVIC_SetPriorityGrouping             0x08002f41   Thumb Code    26  stm32f1xx_hal_cortex.o(i.HAL_NVIC_SetPriorityGrouping)
    HAL_PWR_EnableBkUpAccess                 0x08002f65   Thumb Code     8  stm32f1xx_hal_pwr.o(i.HAL_PWR_EnableBkUpAccess)
    HAL_RCCEx_GetPeriphCLKFreq               0x08002f71   Thumb Code   148  stm32f1xx_hal_rcc_ex.o(i.HAL_RCCEx_GetPeriphCLKFreq)
    HAL_RCCEx_PeriphCLKConfig                0x08003015   Thumb Code   224  stm32f1xx_hal_rcc_ex.o(i.HAL_RCCEx_PeriphCLKConfig)
    HAL_RCC_ClockConfig                      0x08003101   Thumb Code   280  stm32f1xx_hal_rcc.o(i.HAL_RCC_ClockConfig)
    HAL_RCC_GetClockConfig                   0x0800322d   Thumb Code    54  stm32f1xx_hal_rcc.o(i.HAL_RCC_GetClockConfig)
    HAL_RCC_GetPCLK1Freq                     0x0800326d   Thumb Code    20  stm32f1xx_hal_rcc.o(i.HAL_RCC_GetPCLK1Freq)
    HAL_RCC_GetPCLK2Freq                     0x0800328d   Thumb Code    20  stm32f1xx_hal_rcc.o(i.HAL_RCC_GetPCLK2Freq)
    HAL_RCC_GetSysClockFreq                  0x080032ad   Thumb Code    58  stm32f1xx_hal_rcc.o(i.HAL_RCC_GetSysClockFreq)
    HAL_RCC_OscConfig                        0x080032f9   Thumb Code   778  stm32f1xx_hal_rcc.o(i.HAL_RCC_OscConfig)
    HAL_RTC_GetDate                          0x08003619   Thumb Code    78  stm32f1xx_hal_rtc.o(i.HAL_RTC_GetDate)
    HAL_RTC_GetTime                          0x08003667   Thumb Code   216  stm32f1xx_hal_rtc.o(i.HAL_RTC_GetTime)
    HAL_RTC_Init                             0x08003741   Thumb Code   144  stm32f1xx_hal_rtc.o(i.HAL_RTC_Init)
    HAL_RTC_MspInit                          0x080037d5   Thumb Code    40  rtc.o(i.HAL_RTC_MspInit)
    HAL_RTC_SetDate                          0x08003809   Thumb Code   192  stm32f1xx_hal_rtc.o(i.HAL_RTC_SetDate)
    HAL_RTC_SetTime                          0x080038cd   Thumb Code   168  stm32f1xx_hal_rtc.o(i.HAL_RTC_SetTime)
    HAL_RTC_WaitForSynchro                   0x08003979   Thumb Code    58  stm32f1xx_hal_rtc.o(i.HAL_RTC_WaitForSynchro)
    HAL_TIMEx_BreakCallback                  0x080039b3   Thumb Code     2  stm32f1xx_hal_tim_ex.o(i.HAL_TIMEx_BreakCallback)
    HAL_TIMEx_CommutCallback                 0x080039b5   Thumb Code     2  stm32f1xx_hal_tim_ex.o(i.HAL_TIMEx_CommutCallback)
    HAL_TIMEx_MasterConfigSynchronization    0x080039b9   Thumb Code    92  stm32f1xx_hal_tim_ex.o(i.HAL_TIMEx_MasterConfigSynchronization)
    HAL_TIM_Base_Init                        0x08003a21   Thumb Code    90  stm32f1xx_hal_tim.o(i.HAL_TIM_Base_Init)
    HAL_TIM_Base_MspInit                     0x08003a7d   Thumb Code    50  tim.o(i.HAL_TIM_Base_MspInit)
    HAL_TIM_Base_Start_IT                    0x08003ab9   Thumb Code    76  stm32f1xx_hal_tim.o(i.HAL_TIM_Base_Start_IT)
    HAL_TIM_ConfigClockSource                0x08003b11   Thumb Code   220  stm32f1xx_hal_tim.o(i.HAL_TIM_ConfigClockSource)
    HAL_TIM_Encoder_Init                     0x08003bed   Thumb Code   164  stm32f1xx_hal_tim.o(i.HAL_TIM_Encoder_Init)
    HAL_TIM_Encoder_MspInit                  0x08003c91   Thumb Code    78  tim.o(i.HAL_TIM_Encoder_MspInit)
    HAL_TIM_Encoder_Start                    0x08003ced   Thumb Code   142  stm32f1xx_hal_tim.o(i.HAL_TIM_Encoder_Start)
    HAL_TIM_IC_CaptureCallback               0x08003d7b   Thumb Code     2  stm32f1xx_hal_tim.o(i.HAL_TIM_IC_CaptureCallback)
    HAL_TIM_IRQHandler                       0x08003d7d   Thumb Code   304  stm32f1xx_hal_tim.o(i.HAL_TIM_IRQHandler)
    HAL_TIM_OC_DelayElapsedCallback          0x08003ead   Thumb Code     2  stm32f1xx_hal_tim.o(i.HAL_TIM_OC_DelayElapsedCallback)
    HAL_TIM_PWM_PulseFinishedCallback        0x08003eaf   Thumb Code     2  stm32f1xx_hal_tim.o(i.HAL_TIM_PWM_PulseFinishedCallback)
    HAL_TIM_PeriodElapsedCallback            0x08003eb1   Thumb Code    14  main.o(i.HAL_TIM_PeriodElapsedCallback)
    HAL_TIM_TriggerCallback                  0x08003ec5   Thumb Code     2  stm32f1xx_hal_tim.o(i.HAL_TIM_TriggerCallback)
    HAL_UARTEx_RxEventCallback               0x08003ec7   Thumb Code     2  stm32f1xx_hal_uart.o(i.HAL_UARTEx_RxEventCallback)
    HAL_UART_ErrorCallback                   0x08003ec9   Thumb Code     2  stm32f1xx_hal_uart.o(i.HAL_UART_ErrorCallback)
    HAL_UART_IRQHandler                      0x08003ecd   Thumb Code   616  stm32f1xx_hal_uart.o(i.HAL_UART_IRQHandler)
    HAL_UART_Init                            0x08004139   Thumb Code   100  stm32f1xx_hal_uart.o(i.HAL_UART_Init)
    HAL_UART_MspInit                         0x0800419d   Thumb Code   114  usart.o(i.HAL_UART_MspInit)
    HAL_UART_Receive_IT                      0x0800421d   Thumb Code    28  stm32f1xx_hal_uart.o(i.HAL_UART_Receive_IT)
    HAL_UART_RxCpltCallback                  0x08004239   Thumb Code    40  driver_esp8266.o(i.HAL_UART_RxCpltCallback)
    HAL_UART_Transmit                        0x08004271   Thumb Code   160  stm32f1xx_hal_uart.o(i.HAL_UART_Transmit)
    HAL_UART_TxCpltCallback                  0x08004311   Thumb Code     2  stm32f1xx_hal_uart.o(i.HAL_UART_TxCpltCallback)
    HardFault_Handler                        0x08004313   Thumb Code     2  stm32f1xx_it.o(i.HardFault_Handler)
    MX_FREERTOS_Init                         0x08004685   Thumb Code    40  freertos.o(i.MX_FREERTOS_Init)
    MX_GPIO_Init                             0x080046bd   Thumb Code   120  gpio.o(i.MX_GPIO_Init)
    MX_I2C1_Init                             0x0800473d   Thumb Code    50  i2c.o(i.MX_I2C1_Init)
    MX_RTC_Init                              0x0800477d   Thumb Code   114  rtc.o(i.MX_RTC_Init)
    MX_TIM1_Init                             0x080047f9   Thumb Code   102  tim.o(i.MX_TIM1_Init)
    MX_TIM3_Init                             0x08004869   Thumb Code    94  tim.o(i.MX_TIM3_Init)
    MX_USART2_UART_Init                      0x080048d1   Thumb Code    48  usart.o(i.MX_USART2_UART_Init)
    MemManage_Handler                        0x08004909   Thumb Code     2  stm32f1xx_it.o(i.MemManage_Handler)
    NMI_Handler                              0x0800490b   Thumb Code     2  stm32f1xx_it.o(i.NMI_Handler)
    OLED_Clear                               0x0800490d   Thumb Code    34  oled.o(i.OLED_Clear)
    OLED_ClearArea                           0x08004935   Thumb Code   122  oled.o(i.OLED_ClearArea)
    OLED_DrawPoint                           0x080049b5   Thumb Code    52  oled.o(i.OLED_DrawPoint)
    OLED_DrawRectangle                       0x080049ed   Thumb Code   272  oled.o(i.OLED_DrawRectangle)
    OLED_Init                                0x08004b01   Thumb Code   524  oled_driver.o(i.OLED_Init)
    OLED_Pow                                 0x08004d11   Thumb Code    14  oled.o(i.OLED_Pow)
    OLED_SetCursor                           0x08004d1f   Thumb Code    34  oled_driver.o(i.OLED_SetCursor)
    OLED_ShowChar                            0x08004d41   Thumb Code   104  oled.o(i.OLED_ShowChar)
    OLED_ShowImage                           0x08004db9   Thumb Code   328  oled.o(i.OLED_ShowImage)
    OLED_ShowNum                             0x08004f05   Thumb Code    70  oled.o(i.OLED_ShowNum)
    OLED_ShowString                          0x08004f4b   Thumb Code    44  oled.o(i.OLED_ShowString)
    OLED_Update                              0x08004f79   Thumb Code    34  oled_driver.o(i.OLED_Update)
    OLED_UpdateArea                          0x08004fa1   Thumb Code    96  oled_driver.o(i.OLED_UpdateArea)
    OLED_WriteCommand                        0x08005005   Thumb Code    28  oled_driver.o(i.OLED_WriteCommand)
    OLED_WriteData                           0x08005025   Thumb Code    58  oled_driver.o(i.OLED_WriteData)
    StartDefaultTask                         0x08005281   Thumb Code   284  freertos.o(i.StartDefaultTask)
    SysTick_Handler                          0x080053b5   Thumb Code    26  cmsis_os2.o(i.SysTick_Handler)
    SystemClock_Config                       0x080053cf   Thumb Code   128  main.o(i.SystemClock_Config)
    SystemInit                               0x0800544f   Thumb Code     2  system_stm32f1xx.o(i.SystemInit)
    TIM3_IRQHandler                          0x08005451   Thumb Code     6  stm32f1xx_it.o(i.TIM3_IRQHandler)
    TIM4_IRQHandler                          0x0800545d   Thumb Code     6  stm32f1xx_it.o(i.TIM4_IRQHandler)
    TIM_Base_SetConfig                       0x08005469   Thumb Code   108  stm32f1xx_hal_tim.o(i.TIM_Base_SetConfig)
    TIM_CCxChannelCmd                        0x080054e1   Thumb Code    26  stm32f1xx_hal_tim.o(i.TIM_CCxChannelCmd)
    TIM_ETR_SetConfig                        0x080054fb   Thumb Code    20  stm32f1xx_hal_tim.o(i.TIM_ETR_SetConfig)
    UART_Start_Receive_IT                    0x0800573d   Thumb Code    54  stm32f1xx_hal_uart.o(i.UART_Start_Receive_IT)
    USART2_IRQHandler                        0x080057e5   Thumb Code     6  stm32f1xx_it.o(i.USART2_IRQHandler)
    UsageFault_Handler                       0x080057f1   Thumb Code     2  stm32f1xx_it.o(i.UsageFault_Handler)
    Usart_SendString                         0x080057f3   Thumb Code     8  usart.o(i.Usart_SendString)
    __ARM_fpclassify                         0x080057fb   Thumb Code    40  fpclassify.o(i.__ARM_fpclassify)
    _is_digit                                0x08005843   Thumb Code    14  __printf_wp.o(i._is_digit)
    extract_timestamp                        0x08005851   Thumb Code    72  timestamp.o(i.extract_timestamp)
    main                                     0x080058a9   Thumb Code    46  main.o(i.main)
    osKernelInitialize                       0x080058d9   Thumb Code    32  cmsis_os2.o(i.osKernelInitialize)
    osKernelStart                            0x080058fd   Thumb Code    48  cmsis_os2.o(i.osKernelStart)
    osThreadNew                              0x08005935   Thumb Code   138  cmsis_os2.o(i.osThreadNew)
    process_time_json                        0x080059c1   Thumb Code    40  timestamp.o(i.process_time_json)
    pvPortMalloc                             0x08006181   Thumb Code   216  heap_4.o(i.pvPortMalloc)
    pxPortInitialiseStack                    0x0800625d   Thumb Code    32  port.o(i.pxPortInitialiseStack)
    save_time_init                           0x08006281   Thumb Code    40  timestamp.o(i.save_time_init)
    stamp_to_standard                        0x080062a9   Thumb Code   106  timestamp.o(i.stamp_to_standard)
    uxListRemove                             0x08006329   Thumb Code    38  list.o(i.uxListRemove)
    vApplicationGetIdleTaskMemory            0x08006351   Thumb Code    16  cmsis_os2.o(i.vApplicationGetIdleTaskMemory)
    vApplicationGetTimerTaskMemory           0x08006365   Thumb Code    18  cmsis_os2.o(i.vApplicationGetTimerTaskMemory)
    vListInitialise                          0x0800637d   Thumb Code    22  list.o(i.vListInitialise)
    vListInitialiseItem                      0x08006393   Thumb Code     6  list.o(i.vListInitialiseItem)
    vListInsert                              0x08006399   Thumb Code    48  list.o(i.vListInsert)
    vListInsertEnd                           0x080063c9   Thumb Code    24  list.o(i.vListInsertEnd)
    vPortEnterCritical                       0x080063e1   Thumb Code    54  port.o(i.vPortEnterCritical)
    vPortExitCritical                        0x08006421   Thumb Code    34  port.o(i.vPortExitCritical)
    vPortFree                                0x08006449   Thumb Code    94  heap_4.o(i.vPortFree)
    vPortSetupTimerInterrupt                 0x080064ad   Thumb Code    32  port.o(i.vPortSetupTimerInterrupt)
    vPortValidateInterruptPriority           0x080064d1   Thumb Code    74  port.o(i.vPortValidateInterruptPriority)
    vQueueAddToRegistry                      0x08006525   Thumb Code    34  queue.o(i.vQueueAddToRegistry)
    vQueueWaitForMessageRestricted           0x0800654d   Thumb Code    68  queue.o(i.vQueueWaitForMessageRestricted)
    vTaskDelay                               0x08006591   Thumb Code    66  tasks.o(i.vTaskDelay)
    vTaskInternalSetTimeOutState             0x080065dd   Thumb Code    12  tasks.o(i.vTaskInternalSetTimeOutState)
    vTaskMissedYield                         0x080065ed   Thumb Code     8  tasks.o(i.vTaskMissedYield)
    vTaskPlaceOnEventList                    0x080065f9   Thumb Code    44  tasks.o(i.vTaskPlaceOnEventList)
    vTaskPlaceOnEventListRestricted          0x08006629   Thumb Code    52  tasks.o(i.vTaskPlaceOnEventListRestricted)
    vTaskStartScheduler                      0x08006661   Thumb Code   118  tasks.o(i.vTaskStartScheduler)
    vTaskSuspendAll                          0x080066e9   Thumb Code    10  tasks.o(i.vTaskSuspendAll)
    vTaskSwitchContext                       0x080066f9   Thumb Code    90  tasks.o(i.vTaskSwitchContext)
    xPortStartScheduler                      0x0800675d   Thumb Code   154  port.o(i.xPortStartScheduler)
    xPortSysTickHandler                      0x08006805   Thumb Code    38  port.o(i.xPortSysTickHandler)
    xQueueGenericCreateStatic                0x08006831   Thumb Code   102  queue.o(i.xQueueGenericCreateStatic)
    xQueueGenericReset                       0x08006899   Thumb Code   132  queue.o(i.xQueueGenericReset)
    xQueueGenericSend                        0x08006921   Thumb Code   346  queue.o(i.xQueueGenericSend)
    xQueueGenericSendFromISR                 0x08006a81   Thumb Code   190  queue.o(i.xQueueGenericSendFromISR)
    xQueueReceive                            0x08006b41   Thumb Code   308  queue.o(i.xQueueReceive)
    xTaskCheckForTimeOut                     0x08006c79   Thumb Code   112  tasks.o(i.xTaskCheckForTimeOut)
    xTaskCreate                              0x08006ced   Thumb Code    90  tasks.o(i.xTaskCreate)
    xTaskCreateStatic                        0x08006d47   Thumb Code    86  tasks.o(i.xTaskCreateStatic)
    xTaskGetSchedulerState                   0x08006d9d   Thumb Code    22  tasks.o(i.xTaskGetSchedulerState)
    xTaskGetTickCount                        0x08006db9   Thumb Code     6  tasks.o(i.xTaskGetTickCount)
    xTaskIncrementTick                       0x08006dc5   Thumb Code   192  tasks.o(i.xTaskIncrementTick)
    xTaskPriorityDisinherit                  0x08006e8d   Thumb Code   118  tasks.o(i.xTaskPriorityDisinherit)
    xTaskRemoveFromEventList                 0x08006f0d   Thumb Code    98  tasks.o(i.xTaskRemoveFromEventList)
    xTaskResumeAll                           0x08006f7d   Thumb Code   182  tasks.o(i.xTaskResumeAll)
    xTimerCreateTimerTask                    0x08007041   Thumb Code    78  timers.o(i.xTimerCreateTimerTask)
    xTimerGenericCommand                     0x080070a1   Thumb Code    98  timers.o(i.xTimerGenericCommand)
    _get_lc_time                             0x08007109   Thumb Code    44  lc_time_c.o(locale$$code)
    _get_lc_ctype                            0x08007135   Thumb Code    44  lc_ctype_c.o(locale$$code)
    _get_lc_numeric                          0x08007161   Thumb Code    44  lc_numeric_c.o(locale$$code)
    _printf_fp_dec                           0x0800718d   Thumb Code     4  printf1.o(x$fpl$printf1)
    _printf_fp_hex                           0x08007191   Thumb Code     4  printf2.o(x$fpl$printf2)
    __I$use$fp                               0x08007194   Number         0  usenofp.o(x$fpl$usenofp)
    encoderTask_attributes                   0x08007194   Data          36  freertos.o(.constdata)
    defaultTask_attributes                   0x080071b8   Data          36  freertos.o(.constdata)
    AHBPrescTable                            0x08007200   Data          16  system_stm32f1xx.o(.constdata)
    APBPrescTable                            0x08007210   Data           8  system_stm32f1xx.o(.constdata)
    OLED_F10x20                              0x08007218   Data        2850  oled_fonts.o(.constdata)
    OLED_F8x16                               0x08007d3a   Data        1520  oled_fonts.o(.constdata)
    OLED_F7x12                               0x0800832a   Data        1330  oled_fonts.o(.constdata)
    OLED_F6x8                                0x0800885c   Data         570  oled_fonts.o(.constdata)
    _monlen                                  0x08008aff   Data          12  _monlen.o(.constdata)
    Region$$Table$$Base                      0x08008c20   Number         0  anon$$obj.o(Region$$Table)
    Region$$Table$$Limit                     0x08008c40   Number         0  anon$$obj.o(Region$$Table)
    __ctype                                  0x08008dcd   Data           0  lc_ctype_c.o(locale$$data)
    c_stamptime                              0x20000000   Data           4  timestamp.o(.data)
    encoderTaskHandle                        0x20000004   Data           4  freertos.o(.data)
    defaultTaskHandle                        0x20000008   Data           4  freertos.o(.data)
    uwTickFreq                               0x2000000c   Data           1  stm32f1xx_hal.o(.data)
    uwTickPrio                               0x20000010   Data           4  stm32f1xx_hal.o(.data)
    uwTick                                   0x20000014   Data           4  stm32f1xx_hal.o(.data)
    SystemCoreClock                          0x20000018   Data           4  system_stm32f1xx.o(.data)
    pxCurrentTCB                             0x2000001c   Data           4  tasks.o(.data)
    USART_RX_BUF                             0x2000009c   Data           1  driver_esp8266.o(.data)
    esp8266_cnt                              0x2000009e   Data           2  driver_esp8266.o(.data)
    esp8266_cntPre                           0x200000a0   Data           2  driver_esp8266.o(.data)
    OLED_ColorMode                           0x200000a2   Data           1  oled_driver.o(.data)
    hi2c1                                    0x200000a4   Data          84  i2c.o(.bss)
    hrtc                                     0x200000f8   Data          20  rtc.o(.bss)
    htim1                                    0x2000010c   Data          72  tim.o(.bss)
    htim3                                    0x20000154   Data          72  tim.o(.bss)
    huart2                                   0x2000019c   Data          72  usart.o(.bss)
    htim4                                    0x200001e4   Data          72  stm32f1xx_hal_timebase_tim.o(.bss)
    xQueueRegistry                           0x2000022c   Data          64  queue.o(.bss)
    esp8266_buf                              0x20001b00   Data         300  driver_esp8266.o(.bss)
    OLED_DisplayBuf                          0x20001c2c   Data        1024  oled_driver.o(.bss)
    __libspace_start                         0x20002058   Data          96  libspace.o(.bss)
    __temporary_stack_top$libspace           0x200020b8   Data           0  libspace.o(.bss)



==============================================================================

Memory Map of the image

  Image Entry point : 0x080000ed

  Load Region LR_IROM1 (Base: 0x08000000, Size: 0x00008f90, Max: 0x00010000, ABSOLUTE)

    Execution Region ER_IROM1 (Exec base: 0x08000000, Load base: 0x08000000, Size: 0x00008eec, Max: 0x00010000, ABSOLUTE)

    Exec Addr    Load Addr    Size         Type   Attr      Idx    E Section Name        Object

    0x08000000   0x08000000   0x000000ec   Data   RO            3    RESET               startup_stm32f103xb.o
    0x080000ec   0x080000ec   0x00000008   Code   RO         6385  * !!!main             c_w.l(__main.o)
    0x080000f4   0x080000f4   0x00000034   Code   RO         6838    !!!scatter          c_w.l(__scatter.o)
    0x08000128   0x08000128   0x0000001a   Code   RO         6840    !!handler_copy      c_w.l(__scatter_copy.o)
    0x08000142   0x08000142   0x00000002   PAD
    0x08000144   0x08000144   0x0000001c   Code   RO         6842    !!handler_zi        c_w.l(__scatter_zi.o)
    0x08000160   0x08000160   0x00000000   Code   RO         6543    .ARM.Collect$$_printf_percent$$00000000  c_w.l(_printf_percent.o)
    0x08000160   0x08000160   0x00000006   Code   RO         6532    .ARM.Collect$$_printf_percent$$00000001  c_w.l(_printf_n.o)
    0x08000166   0x08000166   0x00000006   Code   RO         6534    .ARM.Collect$$_printf_percent$$00000002  c_w.l(_printf_p.o)
    0x0800016c   0x0800016c   0x00000006   Code   RO         6539    .ARM.Collect$$_printf_percent$$00000003  c_w.l(_printf_f.o)
    0x08000172   0x08000172   0x00000006   Code   RO         6540    .ARM.Collect$$_printf_percent$$00000004  c_w.l(_printf_e.o)
    0x08000178   0x08000178   0x00000006   Code   RO         6541    .ARM.Collect$$_printf_percent$$00000005  c_w.l(_printf_g.o)
    0x0800017e   0x0800017e   0x00000006   Code   RO         6542    .ARM.Collect$$_printf_percent$$00000006  c_w.l(_printf_a.o)
    0x08000184   0x08000184   0x0000000a   Code   RO         6547    .ARM.Collect$$_printf_percent$$00000007  c_w.l(_printf_ll.o)
    0x0800018e   0x0800018e   0x00000006   Code   RO         6536    .ARM.Collect$$_printf_percent$$00000008  c_w.l(_printf_i.o)
    0x08000194   0x08000194   0x00000006   Code   RO         6537    .ARM.Collect$$_printf_percent$$00000009  c_w.l(_printf_d.o)
    0x0800019a   0x0800019a   0x00000006   Code   RO         6538    .ARM.Collect$$_printf_percent$$0000000A  c_w.l(_printf_u.o)
    0x080001a0   0x080001a0   0x00000006   Code   RO         6535    .ARM.Collect$$_printf_percent$$0000000B  c_w.l(_printf_o.o)
    0x080001a6   0x080001a6   0x00000006   Code   RO         6533    .ARM.Collect$$_printf_percent$$0000000C  c_w.l(_printf_x.o)
    0x080001ac   0x080001ac   0x00000006   Code   RO         6544    .ARM.Collect$$_printf_percent$$0000000D  c_w.l(_printf_lli.o)
    0x080001b2   0x080001b2   0x00000006   Code   RO         6545    .ARM.Collect$$_printf_percent$$0000000E  c_w.l(_printf_lld.o)
    0x080001b8   0x080001b8   0x00000006   Code   RO         6546    .ARM.Collect$$_printf_percent$$0000000F  c_w.l(_printf_llu.o)
    0x080001be   0x080001be   0x00000006   Code   RO         6551    .ARM.Collect$$_printf_percent$$00000010  c_w.l(_printf_llo.o)
    0x080001c4   0x080001c4   0x00000006   Code   RO         6552    .ARM.Collect$$_printf_percent$$00000011  c_w.l(_printf_llx.o)
    0x080001ca   0x080001ca   0x0000000a   Code   RO         6548    .ARM.Collect$$_printf_percent$$00000012  c_w.l(_printf_l.o)
    0x080001d4   0x080001d4   0x00000006   Code   RO         6530    .ARM.Collect$$_printf_percent$$00000013  c_w.l(_printf_c.o)
    0x080001da   0x080001da   0x00000006   Code   RO         6531    .ARM.Collect$$_printf_percent$$00000014  c_w.l(_printf_s.o)
    0x080001e0   0x080001e0   0x00000006   Code   RO         6549    .ARM.Collect$$_printf_percent$$00000015  c_w.l(_printf_lc.o)
    0x080001e6   0x080001e6   0x00000006   Code   RO         6550    .ARM.Collect$$_printf_percent$$00000016  c_w.l(_printf_ls.o)
    0x080001ec   0x080001ec   0x00000004   Code   RO         6643    .ARM.Collect$$_printf_percent$$00000017  c_w.l(_printf_percent_end.o)
    0x080001f0   0x080001f0   0x00000002   Code   RO         6750    .ARM.Collect$$libinit$$00000000  c_w.l(libinit.o)
    0x080001f2   0x080001f2   0x00000000   Code   RO         6650    .ARM.Collect$$libinit$$00000002  c_w.l(libinit2.o)
    0x080001f2   0x080001f2   0x00000000   Code   RO         6652    .ARM.Collect$$libinit$$00000004  c_w.l(libinit2.o)
    0x080001f2   0x080001f2   0x00000000   Code   RO         6655    .ARM.Collect$$libinit$$0000000A  c_w.l(libinit2.o)
    0x080001f2   0x080001f2   0x00000000   Code   RO         6657    .ARM.Collect$$libinit$$0000000C  c_w.l(libinit2.o)
    0x080001f2   0x080001f2   0x00000000   Code   RO         6659    .ARM.Collect$$libinit$$0000000E  c_w.l(libinit2.o)
    0x080001f2   0x080001f2   0x00000006   Code   RO         6660    .ARM.Collect$$libinit$$0000000F  c_w.l(libinit2.o)
    0x080001f8   0x080001f8   0x00000000   Code   RO         6662    .ARM.Collect$$libinit$$00000011  c_w.l(libinit2.o)
    0x080001f8   0x080001f8   0x0000000c   Code   RO         6663    .ARM.Collect$$libinit$$00000012  c_w.l(libinit2.o)
    0x08000204   0x08000204   0x00000000   Code   RO         6664    .ARM.Collect$$libinit$$00000013  c_w.l(libinit2.o)
    0x08000204   0x08000204   0x00000000   Code   RO         6666    .ARM.Collect$$libinit$$00000015  c_w.l(libinit2.o)
    0x08000204   0x08000204   0x0000000a   Code   RO         6667    .ARM.Collect$$libinit$$00000016  c_w.l(libinit2.o)
    0x0800020e   0x0800020e   0x00000000   Code   RO         6668    .ARM.Collect$$libinit$$00000017  c_w.l(libinit2.o)
    0x0800020e   0x0800020e   0x0000000a   Code   RO         6669    .ARM.Collect$$libinit$$00000018  c_w.l(libinit2.o)
    0x08000218   0x08000218   0x00000000   Code   RO         6670    .ARM.Collect$$libinit$$00000019  c_w.l(libinit2.o)
    0x08000218   0x08000218   0x00000000   Code   RO         6672    .ARM.Collect$$libinit$$0000001B  c_w.l(libinit2.o)
    0x08000218   0x08000218   0x00000000   Code   RO         6674    .ARM.Collect$$libinit$$0000001D  c_w.l(libinit2.o)
    0x08000218   0x08000218   0x00000000   Code   RO         6676    .ARM.Collect$$libinit$$0000001F  c_w.l(libinit2.o)
    0x08000218   0x08000218   0x00000000   Code   RO         6678    .ARM.Collect$$libinit$$00000021  c_w.l(libinit2.o)
    0x08000218   0x08000218   0x00000000   Code   RO         6680    .ARM.Collect$$libinit$$00000023  c_w.l(libinit2.o)
    0x08000218   0x08000218   0x00000000   Code   RO         6682    .ARM.Collect$$libinit$$00000025  c_w.l(libinit2.o)
    0x08000218   0x08000218   0x00000000   Code   RO         6686    .ARM.Collect$$libinit$$0000002C  c_w.l(libinit2.o)
    0x08000218   0x08000218   0x00000000   Code   RO         6688    .ARM.Collect$$libinit$$0000002E  c_w.l(libinit2.o)
    0x08000218   0x08000218   0x00000000   Code   RO         6690    .ARM.Collect$$libinit$$00000030  c_w.l(libinit2.o)
    0x08000218   0x08000218   0x00000000   Code   RO         6692    .ARM.Collect$$libinit$$00000032  c_w.l(libinit2.o)
    0x08000218   0x08000218   0x00000002   Code   RO         6693    .ARM.Collect$$libinit$$00000033  c_w.l(libinit2.o)
    0x0800021a   0x0800021a   0x00000002   Code   RO         6805    .ARM.Collect$$libshutdown$$00000000  c_w.l(libshutdown.o)
    0x0800021c   0x0800021c   0x00000000   Code   RO         6821    .ARM.Collect$$libshutdown$$00000002  c_w.l(libshutdown2.o)
    0x0800021c   0x0800021c   0x00000000   Code   RO         6823    .ARM.Collect$$libshutdown$$00000004  c_w.l(libshutdown2.o)
    0x0800021c   0x0800021c   0x00000000   Code   RO         6826    .ARM.Collect$$libshutdown$$00000007  c_w.l(libshutdown2.o)
    0x0800021c   0x0800021c   0x00000000   Code   RO         6829    .ARM.Collect$$libshutdown$$0000000A  c_w.l(libshutdown2.o)
    0x0800021c   0x0800021c   0x00000000   Code   RO         6831    .ARM.Collect$$libshutdown$$0000000C  c_w.l(libshutdown2.o)
    0x0800021c   0x0800021c   0x00000000   Code   RO         6834    .ARM.Collect$$libshutdown$$0000000F  c_w.l(libshutdown2.o)
    0x0800021c   0x0800021c   0x00000002   Code   RO         6835    .ARM.Collect$$libshutdown$$00000010  c_w.l(libshutdown2.o)
    0x0800021e   0x0800021e   0x00000000   Code   RO         6441    .ARM.Collect$$rtentry$$00000000  c_w.l(__rtentry.o)
    0x0800021e   0x0800021e   0x00000000   Code   RO         6610    .ARM.Collect$$rtentry$$00000002  c_w.l(__rtentry2.o)
    0x0800021e   0x0800021e   0x00000006   Code   RO         6622    .ARM.Collect$$rtentry$$00000004  c_w.l(__rtentry4.o)
    0x08000224   0x08000224   0x00000000   Code   RO         6612    .ARM.Collect$$rtentry$$00000009  c_w.l(__rtentry2.o)
    0x08000224   0x08000224   0x00000004   Code   RO         6613    .ARM.Collect$$rtentry$$0000000A  c_w.l(__rtentry2.o)
    0x08000228   0x08000228   0x00000000   Code   RO         6615    .ARM.Collect$$rtentry$$0000000C  c_w.l(__rtentry2.o)
    0x08000228   0x08000228   0x00000008   Code   RO         6616    .ARM.Collect$$rtentry$$0000000D  c_w.l(__rtentry2.o)
    0x08000230   0x08000230   0x00000002   Code   RO         6757    .ARM.Collect$$rtexit$$00000000  c_w.l(rtexit.o)
    0x08000232   0x08000232   0x00000000   Code   RO         6776    .ARM.Collect$$rtexit$$00000002  c_w.l(rtexit2.o)
    0x08000232   0x08000232   0x00000004   Code   RO         6777    .ARM.Collect$$rtexit$$00000003  c_w.l(rtexit2.o)
    0x08000236   0x08000236   0x00000006   Code   RO         6778    .ARM.Collect$$rtexit$$00000004  c_w.l(rtexit2.o)
    0x0800023c   0x0800023c   0x00000096   Code   RO         5703    .emb_text           port.o
    0x080002d2   0x080002d2   0x00000002   PAD
    0x080002d4   0x080002d4   0x00000040   Code   RO            4    .text               startup_stm32f103xb.o
    0x08000314   0x08000314   0x0000002c   Code   RO         6352    .text               c_w.l(__2sprintf.o)
    0x08000340   0x08000340   0x0000001a   Code   RO         6356    .text               c_w.l(atoi.o)
    0x0800035a   0x0800035a   0x00000024   Code   RO         6358    .text               c_w.l(strstr.o)
    0x0800037e   0x0800037e   0x00000048   Code   RO         6360    .text               c_w.l(strcpy.o)
    0x080003c6   0x080003c6   0x0000003e   Code   RO         6362    .text               c_w.l(strlen.o)
    0x08000404   0x08000404   0x0000008a   Code   RO         6364    .text               c_w.l(rt_memcpy_v6.o)
    0x0800048e   0x0800048e   0x00000064   Code   RO         6366    .text               c_w.l(rt_memcpy_w.o)
    0x080004f2   0x080004f2   0x00000010   Code   RO         6370    .text               c_w.l(aeabi_memset.o)
    0x08000502   0x08000502   0x00000044   Code   RO         6372    .text               c_w.l(rt_memclr.o)
    0x08000546   0x08000546   0x0000004e   Code   RO         6374    .text               c_w.l(rt_memclr_w.o)
    0x08000594   0x08000594   0x00000080   Code   RO         6376    .text               c_w.l(strcmpv7m.o)
    0x08000614   0x08000614   0x0000000c   Code   RO         6378    .text               c_w.l(localtime.o)
    0x08000620   0x08000620   0x00000360   Code   RO         6381    .text               c_w.l(strftime.o)
    0x08000980   0x08000980   0x00000006   Code   RO         6383    .text               c_w.l(heapauxi.o)
    0x08000986   0x08000986   0x00000002   PAD
    0x08000988   0x08000988   0x00000008   Code   RO         6449    .text               c_w.l(rt_locale_intlibspace.o)
    0x08000990   0x08000990   0x00000008   Code   RO         6454    .text               c_w.l(rt_errno_addr_intlibspace.o)
    0x08000998   0x08000998   0x0000002c   Code   RO         6458    .text               c_w.l(sprintf.o)
    0x080009c4   0x080009c4   0x0000004e   Code   RO         6462    .text               c_w.l(_printf_pad.o)
    0x08000a12   0x08000a12   0x00000024   Code   RO         6464    .text               c_w.l(_printf_truncate.o)
    0x08000a36   0x08000a36   0x00000052   Code   RO         6466    .text               c_w.l(_printf_str.o)
    0x08000a88   0x08000a88   0x00000078   Code   RO         6468    .text               c_w.l(_printf_dec.o)
    0x08000b00   0x08000b00   0x00000028   Code   RO         6470    .text               c_w.l(_printf_charcount.o)
    0x08000b28   0x08000b28   0x00000030   Code   RO         6472    .text               c_w.l(_printf_char_common.o)
    0x08000b58   0x08000b58   0x0000000a   Code   RO         6474    .text               c_w.l(_sputc.o)
    0x08000b62   0x08000b62   0x00000002   PAD
    0x08000b64   0x08000b64   0x000000bc   Code   RO         6478    .text               c_w.l(_printf_wctomb.o)
    0x08000c20   0x08000c20   0x0000007c   Code   RO         6481    .text               c_w.l(_printf_longlong_dec.o)
    0x08000c9c   0x08000c9c   0x00000070   Code   RO         6487    .text               c_w.l(_printf_oct_int_ll.o)
    0x08000d0c   0x08000d0c   0x00000094   Code   RO         6507    .text               c_w.l(_printf_hex_int_ll_ptr.o)
    0x08000da0   0x08000da0   0x00000188   Code   RO         6527    .text               c_w.l(__printf_flags_ss_wp.o)
    0x08000f28   0x08000f28   0x00000070   Code   RO         6553    .text               c_w.l(strtol.o)
    0x08000f98   0x08000f98   0x000000b8   Code   RO         6558    .text               c_w.l(localtime_internal.o)
    0x08001050   0x08001050   0x00000008   Code   RO         6606    .text               c_w.l(libspace.o)
    0x08001058   0x08001058   0x00000010   Code   RO         6624    .text               c_w.l(rt_ctype_table.o)
    0x08001068   0x08001068   0x0000008a   Code   RO         6628    .text               c_w.l(lludiv10.o)
    0x080010f2   0x080010f2   0x000000b2   Code   RO         6630    .text               c_w.l(_printf_intcommon.o)
    0x080011a4   0x080011a4   0x0000041e   Code   RO         6632    .text               c_w.l(_printf_fp_dec.o)
    0x080015c2   0x080015c2   0x00000002   PAD
    0x080015c4   0x080015c4   0x000002fc   Code   RO         6634    .text               c_w.l(_printf_fp_hex.o)
    0x080018c0   0x080018c0   0x0000002c   Code   RO         6639    .text               c_w.l(_printf_char.o)
    0x080018ec   0x080018ec   0x0000002c   Code   RO         6641    .text               c_w.l(_printf_wchar.o)
    0x08001918   0x08001918   0x0000009e   Code   RO         6644    .text               c_w.l(_strtoul.o)
    0x080019b6   0x080019b6   0x00000040   Code   RO         6646    .text               c_w.l(_wcrtomb.o)
    0x080019f6   0x080019f6   0x0000004a   Code   RO         6700    .text               c_w.l(sys_stackheap_outer.o)
    0x08001a40   0x08001a40   0x00000080   Code   RO         6702    .text               c_w.l(_printf_fp_infnan.o)
    0x08001ac0   0x08001ac0   0x0000001c   Code   RO         6704    .text               c_w.l(_chval.o)
    0x08001adc   0x08001adc   0x000000e4   Code   RO         6706    .text               c_w.l(bigflt0.o)
    0x08001bc0   0x08001bc0   0x00000012   Code   RO         6737    .text               c_w.l(exit.o)
    0x08001bd2   0x08001bd2   0x00000002   PAD
    0x08001bd4   0x08001bd4   0x0000000c   Code   RO         6773    .text               c_w.l(sys_exit.o)
    0x08001be0   0x08001be0   0x00000002   Code   RO         6796    .text               c_w.l(use_no_semi.o)
    0x08001be2   0x08001be2   0x00000000   Code   RO         6798    .text               c_w.l(indicate_semi.o)
    0x08001be2   0x08001be2   0x0000003e   Code   RO         6709    CL$$btod_d2e        c_w.l(btod.o)
    0x08001c20   0x08001c20   0x00000046   Code   RO         6711    CL$$btod_d2e_denorm_low  c_w.l(btod.o)
    0x08001c66   0x08001c66   0x00000060   Code   RO         6710    CL$$btod_d2e_norm_op1  c_w.l(btod.o)
    0x08001cc6   0x08001cc6   0x00000338   Code   RO         6719    CL$$btod_div_common  c_w.l(btod.o)
    0x08001ffe   0x08001ffe   0x000000dc   Code   RO         6716    CL$$btod_e2e        c_w.l(btod.o)
    0x080020da   0x080020da   0x0000002a   Code   RO         6713    CL$$btod_ediv       c_w.l(btod.o)
    0x08002104   0x08002104   0x0000002a   Code   RO         6712    CL$$btod_emul       c_w.l(btod.o)
    0x0800212e   0x0800212e   0x00000244   Code   RO         6718    CL$$btod_mult_common  c_w.l(btod.o)
    0x08002372   0x08002372   0x00000002   Code   RO          782    i.BusFault_Handler  stm32f1xx_it.o
    0x08002374   0x08002374   0x00000002   Code   RO          783    i.DebugMon_Handler  stm32f1xx_it.o
    0x08002376   0x08002376   0x00000002   PAD
    0x08002378   0x08002378   0x0000001c   Code   RO         5900    i.ESP8266_Clear     driver_esp8266.o
    0x08002394   0x08002394   0x00000018   Code   RO          137    i.ESP8266_GetIPD_GET  timestamp.o
    0x080023ac   0x080023ac   0x000000d0   Code   RO         5901    i.ESP8266_Init      driver_esp8266.o
    0x0800247c   0x0800247c   0x0000004c   Code   RO         5902    i.ESP8266_SendCmd   driver_esp8266.o
    0x080024c8   0x080024c8   0x00000048   Code   RO         5903    i.ESP8266_SendData  driver_esp8266.o
    0x08002510   0x08002510   0x00000014   Code   RO         5904    i.ESP8266_UART_Receive_Init  driver_esp8266.o
    0x08002524   0x08002524   0x00000020   Code   RO         5905    i.ESP8266_WaitRecive  driver_esp8266.o
    0x08002544   0x08002544   0x000000c0   Code   RO          474    i.EncoderTask       freertos.o
    0x08002604   0x08002604   0x00000004   Code   RO          356    i.Error_Handler     main.o
    0x08002608   0x08002608   0x000000b0   Code   RO          138    i.Get_current_time  timestamp.o
    0x080026b8   0x080026b8   0x00000046   Code   RO         2311    i.HAL_DMA_Abort     stm32f1xx_hal_dma.o
    0x080026fe   0x080026fe   0x00000002   PAD
    0x08002700   0x08002700   0x00000098   Code   RO         2312    i.HAL_DMA_Abort_IT  stm32f1xx_hal_dma.o
    0x08002798   0x08002798   0x000001e0   Code   RO         2247    i.HAL_GPIO_Init     stm32f1xx_hal_gpio.o
    0x08002978   0x08002978   0x0000000a   Code   RO         2251    i.HAL_GPIO_WritePin  stm32f1xx_hal_gpio.o
    0x08002982   0x08002982   0x00000002   PAD
    0x08002984   0x08002984   0x0000000c   Code   RO         1941    i.HAL_GetTick       stm32f1xx_hal.o
    0x08002990   0x08002990   0x00000188   Code   RO         2918    i.HAL_I2C_Init      stm32f1xx_hal_i2c.o
    0x08002b18   0x08002b18   0x0000012c   Code   RO         2931    i.HAL_I2C_Master_Transmit  stm32f1xx_hal_i2c.o
    0x08002c44   0x08002c44   0x00000130   Code   RO         2939    i.HAL_I2C_Mem_Write  stm32f1xx_hal_i2c.o
    0x08002d74   0x08002d74   0x0000005c   Code   RO          554    i.HAL_I2C_MspInit   i2c.o
    0x08002dd0   0x08002dd0   0x00000010   Code   RO         1947    i.HAL_IncTick       stm32f1xx_hal.o
    0x08002de0   0x08002de0   0x00000024   Code   RO         1948    i.HAL_Init          stm32f1xx_hal.o
    0x08002e04   0x08002e04   0x00000098   Code   RO          882    i.HAL_InitTick      stm32f1xx_hal_timebase_tim.o
    0x08002e9c   0x08002e9c   0x00000048   Code   RO          858    i.HAL_MspInit       stm32f1xx_hal_msp.o
    0x08002ee4   0x08002ee4   0x0000001a   Code   RO         2407    i.HAL_NVIC_EnableIRQ  stm32f1xx_hal_cortex.o
    0x08002efe   0x08002efe   0x00000002   PAD
    0x08002f00   0x08002f00   0x00000040   Code   RO         2413    i.HAL_NVIC_SetPriority  stm32f1xx_hal_cortex.o
    0x08002f40   0x08002f40   0x00000024   Code   RO         2414    i.HAL_NVIC_SetPriorityGrouping  stm32f1xx_hal_cortex.o
    0x08002f64   0x08002f64   0x0000000c   Code   RO         2529    i.HAL_PWR_EnableBkUpAccess  stm32f1xx_hal_pwr.o
    0x08002f70   0x08002f70   0x000000a4   Code   RO         2208    i.HAL_RCCEx_GetPeriphCLKFreq  stm32f1xx_hal_rcc_ex.o
    0x08003014   0x08003014   0x000000ec   Code   RO         2209    i.HAL_RCCEx_PeriphCLKConfig  stm32f1xx_hal_rcc_ex.o
    0x08003100   0x08003100   0x0000012c   Code   RO         2105    i.HAL_RCC_ClockConfig  stm32f1xx_hal_rcc.o
    0x0800322c   0x0800322c   0x00000040   Code   RO         2109    i.HAL_RCC_GetClockConfig  stm32f1xx_hal_rcc.o
    0x0800326c   0x0800326c   0x00000020   Code   RO         2112    i.HAL_RCC_GetPCLK1Freq  stm32f1xx_hal_rcc.o
    0x0800328c   0x0800328c   0x00000020   Code   RO         2113    i.HAL_RCC_GetPCLK2Freq  stm32f1xx_hal_rcc.o
    0x080032ac   0x080032ac   0x0000004c   Code   RO         2114    i.HAL_RCC_GetSysClockFreq  stm32f1xx_hal_rcc.o
    0x080032f8   0x080032f8   0x00000320   Code   RO         2117    i.HAL_RCC_OscConfig  stm32f1xx_hal_rcc.o
    0x08003618   0x08003618   0x0000004e   Code   RO         3349    i.HAL_RTC_GetDate   stm32f1xx_hal_rtc.o
    0x08003666   0x08003666   0x000000d8   Code   RO         3351    i.HAL_RTC_GetTime   stm32f1xx_hal_rtc.o
    0x0800373e   0x0800373e   0x00000002   PAD
    0x08003740   0x08003740   0x00000094   Code   RO         3352    i.HAL_RTC_Init      stm32f1xx_hal_rtc.o
    0x080037d4   0x080037d4   0x00000034   Code   RO          596    i.HAL_RTC_MspInit   rtc.o
    0x08003808   0x08003808   0x000000c4   Code   RO         3358    i.HAL_RTC_SetDate   stm32f1xx_hal_rtc.o
    0x080038cc   0x080038cc   0x000000ac   Code   RO         3359    i.HAL_RTC_SetTime   stm32f1xx_hal_rtc.o
    0x08003978   0x08003978   0x0000003a   Code   RO         3360    i.HAL_RTC_WaitForSynchro  stm32f1xx_hal_rtc.o
    0x080039b2   0x080039b2   0x00000002   Code   RO         1663    i.HAL_TIMEx_BreakCallback  stm32f1xx_hal_tim_ex.o
    0x080039b4   0x080039b4   0x00000002   Code   RO         1664    i.HAL_TIMEx_CommutCallback  stm32f1xx_hal_tim_ex.o
    0x080039b6   0x080039b6   0x00000002   PAD
    0x080039b8   0x080039b8   0x00000068   Code   RO         1682    i.HAL_TIMEx_MasterConfigSynchronization  stm32f1xx_hal_tim_ex.o
    0x08003a20   0x08003a20   0x0000005a   Code   RO          959    i.HAL_TIM_Base_Init  stm32f1xx_hal_tim.o
    0x08003a7a   0x08003a7a   0x00000002   PAD
    0x08003a7c   0x08003a7c   0x0000003c   Code   RO          638    i.HAL_TIM_Base_MspInit  tim.o
    0x08003ab8   0x08003ab8   0x00000058   Code   RO          964    i.HAL_TIM_Base_Start_IT  stm32f1xx_hal_tim.o
    0x08003b10   0x08003b10   0x000000dc   Code   RO          968    i.HAL_TIM_ConfigClockSource  stm32f1xx_hal_tim.o
    0x08003bec   0x08003bec   0x000000a4   Code   RO          980    i.HAL_TIM_Encoder_Init  stm32f1xx_hal_tim.o
    0x08003c90   0x08003c90   0x0000005c   Code   RO          640    i.HAL_TIM_Encoder_MspInit  tim.o
    0x08003cec   0x08003cec   0x0000008e   Code   RO          983    i.HAL_TIM_Encoder_Start  stm32f1xx_hal_tim.o
    0x08003d7a   0x08003d7a   0x00000002   Code   RO          993    i.HAL_TIM_IC_CaptureCallback  stm32f1xx_hal_tim.o
    0x08003d7c   0x08003d7c   0x00000130   Code   RO         1007    i.HAL_TIM_IRQHandler  stm32f1xx_hal_tim.o
    0x08003eac   0x08003eac   0x00000002   Code   RO         1010    i.HAL_TIM_OC_DelayElapsedCallback  stm32f1xx_hal_tim.o
    0x08003eae   0x08003eae   0x00000002   Code   RO         1037    i.HAL_TIM_PWM_PulseFinishedCallback  stm32f1xx_hal_tim.o
    0x08003eb0   0x08003eb0   0x00000014   Code   RO          357    i.HAL_TIM_PeriodElapsedCallback  main.o
    0x08003ec4   0x08003ec4   0x00000002   Code   RO         1050    i.HAL_TIM_TriggerCallback  stm32f1xx_hal_tim.o
    0x08003ec6   0x08003ec6   0x00000002   Code   RO         3628    i.HAL_UARTEx_RxEventCallback  stm32f1xx_hal_uart.o
    0x08003ec8   0x08003ec8   0x00000002   Code   RO         3642    i.HAL_UART_ErrorCallback  stm32f1xx_hal_uart.o
    0x08003eca   0x08003eca   0x00000002   PAD
    0x08003ecc   0x08003ecc   0x0000026c   Code   RO         3645    i.HAL_UART_IRQHandler  stm32f1xx_hal_uart.o
    0x08004138   0x08004138   0x00000064   Code   RO         3646    i.HAL_UART_Init     stm32f1xx_hal_uart.o
    0x0800419c   0x0800419c   0x00000080   Code   RO          698    i.HAL_UART_MspInit  usart.o
    0x0800421c   0x0800421c   0x0000001c   Code   RO         3651    i.HAL_UART_Receive_IT  stm32f1xx_hal_uart.o
    0x08004238   0x08004238   0x00000038   Code   RO         5906    i.HAL_UART_RxCpltCallback  driver_esp8266.o
    0x08004270   0x08004270   0x000000a0   Code   RO         3654    i.HAL_UART_Transmit  stm32f1xx_hal_uart.o
    0x08004310   0x08004310   0x00000002   Code   RO         3657    i.HAL_UART_TxCpltCallback  stm32f1xx_hal_uart.o
    0x08004312   0x08004312   0x00000002   Code   RO          784    i.HardFault_Handler  stm32f1xx_it.o
    0x08004314   0x08004314   0x0000002e   Code   RO         2961    i.I2C_IsAcknowledgeFailed  stm32f1xx_hal_i2c.o
    0x08004342   0x08004342   0x00000002   PAD
    0x08004344   0x08004344   0x0000009c   Code   RO         2965    i.I2C_MasterRequestWrite  stm32f1xx_hal_i2c.o
    0x080043e0   0x080043e0   0x000000a8   Code   RO         2972    i.I2C_RequestMemoryWrite  stm32f1xx_hal_i2c.o
    0x08004488   0x08004488   0x00000056   Code   RO         2976    i.I2C_WaitOnBTFFlagUntilTimeout  stm32f1xx_hal_i2c.o
    0x080044de   0x080044de   0x00000002   PAD
    0x080044e0   0x080044e0   0x00000090   Code   RO         2977    i.I2C_WaitOnFlagUntilTimeout  stm32f1xx_hal_i2c.o
    0x08004570   0x08004570   0x000000bc   Code   RO         2978    i.I2C_WaitOnMasterAddressFlagUntilTimeout  stm32f1xx_hal_i2c.o
    0x0800462c   0x0800462c   0x00000056   Code   RO         2980    i.I2C_WaitOnTXEFlagUntilTimeout  stm32f1xx_hal_i2c.o
    0x08004682   0x08004682   0x00000002   PAD
    0x08004684   0x08004684   0x00000038   Code   RO          475    i.MX_FREERTOS_Init  freertos.o
    0x080046bc   0x080046bc   0x00000080   Code   RO          450    i.MX_GPIO_Init      gpio.o
    0x0800473c   0x0800473c   0x00000040   Code   RO          555    i.MX_I2C1_Init      i2c.o
    0x0800477c   0x0800477c   0x0000007c   Code   RO          597    i.MX_RTC_Init       rtc.o
    0x080047f8   0x080047f8   0x00000070   Code   RO          641    i.MX_TIM1_Init      tim.o
    0x08004868   0x08004868   0x00000068   Code   RO          642    i.MX_TIM3_Init      tim.o
    0x080048d0   0x080048d0   0x00000038   Code   RO          699    i.MX_USART2_UART_Init  usart.o
    0x08004908   0x08004908   0x00000002   Code   RO          785    i.MemManage_Handler  stm32f1xx_it.o
    0x0800490a   0x0800490a   0x00000002   Code   RO          786    i.NMI_Handler       stm32f1xx_it.o
    0x0800490c   0x0800490c   0x00000028   Code   RO         6095    i.OLED_Clear        oled.o
    0x08004934   0x08004934   0x00000080   Code   RO         6096    i.OLED_ClearArea    oled.o
    0x080049b4   0x080049b4   0x00000038   Code   RO         6101    i.OLED_DrawPoint    oled.o
    0x080049ec   0x080049ec   0x00000114   Code   RO         6102    i.OLED_DrawRectangle  oled.o
    0x08004b00   0x08004b00   0x00000210   Code   RO         5983    i.OLED_Init         oled_driver.o
    0x08004d10   0x08004d10   0x0000000e   Code   RO         6107    i.OLED_Pow          oled.o
    0x08004d1e   0x08004d1e   0x00000022   Code   RO         5985    i.OLED_SetCursor    oled_driver.o
    0x08004d40   0x08004d40   0x00000078   Code   RO         6115    i.OLED_ShowChar     oled.o
    0x08004db8   0x08004db8   0x0000014c   Code   RO         6121    i.OLED_ShowImage    oled.o
    0x08004f04   0x08004f04   0x00000046   Code   RO         6125    i.OLED_ShowNum      oled.o
    0x08004f4a   0x08004f4a   0x0000002c   Code   RO         6127    i.OLED_ShowString   oled.o
    0x08004f76   0x08004f76   0x00000002   PAD
    0x08004f78   0x08004f78   0x00000028   Code   RO         5986    i.OLED_Update       oled_driver.o
    0x08004fa0   0x08004fa0   0x00000064   Code   RO         5987    i.OLED_UpdateArea   oled_driver.o
    0x08005004   0x08005004   0x00000020   Code   RO         5988    i.OLED_WriteCommand  oled_driver.o
    0x08005024   0x08005024   0x00000044   Code   RO         5989    i.OLED_WriteData    oled_driver.o
    0x08005068   0x08005068   0x00000012   Code   RO         3361    i.RTC_Bcd2ToByte    stm32f1xx_hal_rtc.o
    0x0800507a   0x0800507a   0x00000016   Code   RO         3362    i.RTC_ByteToBcd2    stm32f1xx_hal_rtc.o
    0x08005090   0x08005090   0x000000ae   Code   RO         3363    i.RTC_DateUpdate    stm32f1xx_hal_rtc.o
    0x0800513e   0x0800513e   0x00000034   Code   RO         3364    i.RTC_EnterInitMode  stm32f1xx_hal_rtc.o
    0x08005172   0x08005172   0x00000002   PAD
    0x08005174   0x08005174   0x00000036   Code   RO         3365    i.RTC_ExitInitMode  stm32f1xx_hal_rtc.o
    0x080051aa   0x080051aa   0x0000000e   Code   RO         3366    i.RTC_ReadAlarmCounter  stm32f1xx_hal_rtc.o
    0x080051b8   0x080051b8   0x00000020   Code   RO         3367    i.RTC_ReadTimeCounter  stm32f1xx_hal_rtc.o
    0x080051d8   0x080051d8   0x00000056   Code   RO         3368    i.RTC_WeekDayNum    stm32f1xx_hal_rtc.o
    0x0800522e   0x0800522e   0x00000028   Code   RO         3369    i.RTC_WriteAlarmCounter  stm32f1xx_hal_rtc.o
    0x08005256   0x08005256   0x00000028   Code   RO         3370    i.RTC_WriteTimeCounter  stm32f1xx_hal_rtc.o
    0x0800527e   0x0800527e   0x00000002   PAD
    0x08005280   0x08005280   0x00000134   Code   RO          476    i.StartDefaultTask  freertos.o
    0x080053b4   0x080053b4   0x0000001a   Code   RO         5131    i.SysTick_Handler   cmsis_os2.o
    0x080053ce   0x080053ce   0x00000080   Code   RO          358    i.SystemClock_Config  main.o
    0x0800544e   0x0800544e   0x00000002   Code   RO         3980    i.SystemInit        system_stm32f1xx.o
    0x08005450   0x08005450   0x0000000c   Code   RO          787    i.TIM3_IRQHandler   stm32f1xx_it.o
    0x0800545c   0x0800545c   0x0000000c   Code   RO          788    i.TIM4_IRQHandler   stm32f1xx_it.o
    0x08005468   0x08005468   0x00000078   Code   RO         1052    i.TIM_Base_SetConfig  stm32f1xx_hal_tim.o
    0x080054e0   0x080054e0   0x0000001a   Code   RO         1053    i.TIM_CCxChannelCmd  stm32f1xx_hal_tim.o
    0x080054fa   0x080054fa   0x00000014   Code   RO         1063    i.TIM_ETR_SetConfig  stm32f1xx_hal_tim.o
    0x0800550e   0x0800550e   0x00000010   Code   RO         1064    i.TIM_ITRx_SetConfig  stm32f1xx_hal_tim.o
    0x0800551e   0x0800551e   0x00000022   Code   RO         1070    i.TIM_TI1_ConfigInputStage  stm32f1xx_hal_tim.o
    0x08005540   0x08005540   0x00000024   Code   RO         1072    i.TIM_TI2_ConfigInputStage  stm32f1xx_hal_tim.o
    0x08005564   0x08005564   0x00000010   Code   RO         3659    i.UART_DMAAbortOnError  stm32f1xx_hal_uart.o
    0x08005574   0x08005574   0x0000004e   Code   RO         3669    i.UART_EndRxTransfer  stm32f1xx_hal_uart.o
    0x080055c2   0x080055c2   0x000000c2   Code   RO         3671    i.UART_Receive_IT   stm32f1xx_hal_uart.o
    0x08005684   0x08005684   0x000000b8   Code   RO         3672    i.UART_SetConfig    stm32f1xx_hal_uart.o
    0x0800573c   0x0800573c   0x00000036   Code   RO         3674    i.UART_Start_Receive_IT  stm32f1xx_hal_uart.o
    0x08005772   0x08005772   0x00000072   Code   RO         3675    i.UART_WaitOnFlagUntilTimeout  stm32f1xx_hal_uart.o
    0x080057e4   0x080057e4   0x0000000c   Code   RO          789    i.USART2_IRQHandler  stm32f1xx_it.o
    0x080057f0   0x080057f0   0x00000002   Code   RO          790    i.UsageFault_Handler  stm32f1xx_it.o
    0x080057f2   0x080057f2   0x00000008   Code   RO          703    i.Usart_SendString  usart.o
    0x080057fa   0x080057fa   0x00000028   Code   RO         6696    i.__ARM_fpclassify  m_ws.l(fpclassify.o)
    0x08005822   0x08005822   0x00000020   Code   RO         2420    i.__NVIC_SetPriority  stm32f1xx_hal_cortex.o
    0x08005842   0x08005842   0x0000000e   Code   RO         6520    i._is_digit         c_w.l(__printf_wp.o)
    0x08005850   0x08005850   0x00000058   Code   RO          139    i.extract_timestamp  timestamp.o
    0x080058a8   0x080058a8   0x0000002e   Code   RO          359    i.main              main.o
    0x080058d6   0x080058d6   0x00000002   PAD
    0x080058d8   0x080058d8   0x00000024   Code   RO         5147    i.osKernelInitialize  cmsis_os2.o
    0x080058fc   0x080058fc   0x00000038   Code   RO         5150    i.osKernelStart     cmsis_os2.o
    0x08005934   0x08005934   0x0000008a   Code   RO         5192    i.osThreadNew       cmsis_os2.o
    0x080059be   0x080059be   0x00000002   PAD
    0x080059c0   0x080059c0   0x0000002c   Code   RO          140    i.process_time_json  timestamp.o
    0x080059ec   0x080059ec   0x0000005c   Code   RO         4592    i.prvAddCurrentTaskToDelayedList  tasks.o
    0x08005a48   0x08005a48   0x000000d0   Code   RO         4593    i.prvAddNewTaskToReadyList  tasks.o
    0x08005b18   0x08005b18   0x00000058   Code   RO         4957    i.prvCheckForValidListAndQueue  timers.o
    0x08005b70   0x08005b70   0x00000026   Code   RO         4189    i.prvCopyDataFromQueue  queue.o
    0x08005b96   0x08005b96   0x0000006c   Code   RO         4190    i.prvCopyDataToQueue  queue.o
    0x08005c02   0x08005c02   0x00000034   Code   RO         4594    i.prvDeleteTCB      tasks.o
    0x08005c36   0x08005c36   0x00000002   PAD
    0x08005c38   0x08005c38   0x0000004c   Code   RO         5648    i.prvHeapInit       heap_4.o
    0x08005c84   0x08005c84   0x00000060   Code   RO         4595    i.prvIdleTask       tasks.o
    0x08005ce4   0x08005ce4   0x00000022   Code   RO         4192    i.prvInitialiseNewQueue  queue.o
    0x08005d06   0x08005d06   0x00000002   PAD
    0x08005d08   0x08005d08   0x000000b0   Code   RO         4596    i.prvInitialiseNewTask  tasks.o
    0x08005db8   0x08005db8   0x0000004c   Code   RO         5649    i.prvInsertBlockIntoFreeList  heap_4.o
    0x08005e04   0x08005e04   0x00000038   Code   RO         4959    i.prvInsertTimerInActiveList  timers.o
    0x08005e3c   0x08005e3c   0x0000001c   Code   RO         4193    i.prvIsQueueEmpty   queue.o
    0x08005e58   0x08005e58   0x000000fc   Code   RO         4960    i.prvProcessReceivedCommands  timers.o
    0x08005f54   0x08005f54   0x000000c0   Code   RO         4961    i.prvProcessTimerOrBlockTask  timers.o
    0x08006014   0x08006014   0x00000020   Code   RO         4598    i.prvResetNextTaskUnblockTime  tasks.o
    0x08006034   0x08006034   0x00000028   Code   RO         4962    i.prvSampleTimeNow  timers.o
    0x0800605c   0x0800605c   0x0000006c   Code   RO         4963    i.prvSwitchTimerLists  timers.o
    0x080060c8   0x080060c8   0x00000028   Code   RO         5704    i.prvTaskExitError  port.o
    0x080060f0   0x080060f0   0x00000024   Code   RO         4964    i.prvTimerTask      timers.o
    0x08006114   0x08006114   0x0000006a   Code   RO         4194    i.prvUnlockQueue    queue.o
    0x0800617e   0x0800617e   0x00000002   PAD
    0x08006180   0x08006180   0x000000dc   Code   RO         5650    i.pvPortMalloc      heap_4.o
    0x0800625c   0x0800625c   0x00000024   Code   RO         5705    i.pxPortInitialiseStack  port.o
    0x08006280   0x08006280   0x00000028   Code   RO          141    i.save_time_init    timestamp.o
    0x080062a8   0x080062a8   0x00000080   Code   RO          142    i.stamp_to_standard  timestamp.o
    0x08006328   0x08006328   0x00000026   Code   RO         4149    i.uxListRemove      list.o
    0x0800634e   0x0800634e   0x00000002   PAD
    0x08006350   0x08006350   0x00000014   Code   RO         5204    i.vApplicationGetIdleTaskMemory  cmsis_os2.o
    0x08006364   0x08006364   0x00000018   Code   RO         5205    i.vApplicationGetTimerTaskMemory  cmsis_os2.o
    0x0800637c   0x0800637c   0x00000016   Code   RO         4150    i.vListInitialise   list.o
    0x08006392   0x08006392   0x00000006   Code   RO         4151    i.vListInitialiseItem  list.o
    0x08006398   0x08006398   0x00000030   Code   RO         4152    i.vListInsert       list.o
    0x080063c8   0x080063c8   0x00000018   Code   RO         4153    i.vListInsertEnd    list.o
    0x080063e0   0x080063e0   0x00000040   Code   RO         5707    i.vPortEnterCritical  port.o
    0x08006420   0x08006420   0x00000028   Code   RO         5708    i.vPortExitCritical  port.o
    0x08006448   0x08006448   0x00000064   Code   RO         5651    i.vPortFree         heap_4.o
    0x080064ac   0x080064ac   0x00000024   Code   RO         5709    i.vPortSetupTimerInterrupt  port.o
    0x080064d0   0x080064d0   0x00000054   Code   RO         5710    i.vPortValidateInterruptPriority  port.o
    0x08006524   0x08006524   0x00000028   Code   RO         4200    i.vQueueAddToRegistry  queue.o
    0x0800654c   0x0800654c   0x00000044   Code   RO         4204    i.vQueueWaitForMessageRestricted  queue.o
    0x08006590   0x08006590   0x0000004c   Code   RO         4611    i.vTaskDelay        tasks.o
    0x080065dc   0x080065dc   0x00000010   Code   RO         4616    i.vTaskInternalSetTimeOutState  tasks.o
    0x080065ec   0x080065ec   0x0000000c   Code   RO         4617    i.vTaskMissedYield  tasks.o
    0x080065f8   0x080065f8   0x00000030   Code   RO         4619    i.vTaskPlaceOnEventList  tasks.o
    0x08006628   0x08006628   0x00000038   Code   RO         4620    i.vTaskPlaceOnEventListRestricted  tasks.o
    0x08006660   0x08006660   0x00000088   Code   RO         4628    i.vTaskStartScheduler  tasks.o
    0x080066e8   0x080066e8   0x00000010   Code   RO         4630    i.vTaskSuspendAll   tasks.o
    0x080066f8   0x080066f8   0x00000064   Code   RO         4631    i.vTaskSwitchContext  tasks.o
    0x0800675c   0x0800675c   0x000000a8   Code   RO         5711    i.xPortStartScheduler  port.o
    0x08006804   0x08006804   0x0000002c   Code   RO         5712    i.xPortSysTickHandler  port.o
    0x08006830   0x08006830   0x00000066   Code   RO         4210    i.xQueueGenericCreateStatic  queue.o
    0x08006896   0x08006896   0x00000002   PAD
    0x08006898   0x08006898   0x00000088   Code   RO         4211    i.xQueueGenericReset  queue.o
    0x08006920   0x08006920   0x00000160   Code   RO         4212    i.xQueueGenericSend  queue.o
    0x08006a80   0x08006a80   0x000000be   Code   RO         4213    i.xQueueGenericSendFromISR  queue.o
    0x08006b3e   0x08006b3e   0x00000002   PAD
    0x08006b40   0x08006b40   0x00000138   Code   RO         4222    i.xQueueReceive     queue.o
    0x08006c78   0x08006c78   0x00000074   Code   RO         4633    i.xTaskCheckForTimeOut  tasks.o
    0x08006cec   0x08006cec   0x0000005a   Code   RO         4634    i.xTaskCreate       tasks.o
    0x08006d46   0x08006d46   0x00000056   Code   RO         4635    i.xTaskCreateStatic  tasks.o
    0x08006d9c   0x08006d9c   0x0000001c   Code   RO         4639    i.xTaskGetSchedulerState  tasks.o
    0x08006db8   0x08006db8   0x0000000c   Code   RO         4640    i.xTaskGetTickCount  tasks.o
    0x08006dc4   0x08006dc4   0x000000c8   Code   RO         4642    i.xTaskIncrementTick  tasks.o
    0x08006e8c   0x08006e8c   0x00000080   Code   RO         4645    i.xTaskPriorityDisinherit  tasks.o
    0x08006f0c   0x08006f0c   0x00000070   Code   RO         4647    i.xTaskRemoveFromEventList  tasks.o
    0x08006f7c   0x08006f7c   0x000000c4   Code   RO         4648    i.xTaskResumeAll    tasks.o
    0x08007040   0x08007040   0x00000060   Code   RO         4973    i.xTimerCreateTimerTask  timers.o
    0x080070a0   0x080070a0   0x00000068   Code   RO         4974    i.xTimerGenericCommand  timers.o
    0x08007108   0x08007108   0x0000002c   Code   RO         6556    locale$$code        c_w.l(lc_time_c.o)
    0x08007134   0x08007134   0x0000002c   Code   RO         6732    locale$$code        c_w.l(lc_ctype_c.o)
    0x08007160   0x08007160   0x0000002c   Code   RO         6735    locale$$code        c_w.l(lc_numeric_c.o)
    0x0800718c   0x0800718c   0x00000004   Code   RO         6572    x$fpl$printf1       fz_ws.l(printf1.o)
    0x08007190   0x08007190   0x00000004   Code   RO         6574    x$fpl$printf2       fz_ws.l(printf2.o)
    0x08007194   0x08007194   0x00000000   Code   RO         6580    x$fpl$usenofp       fz_ws.l(usenofp.o)
    0x08007194   0x08007194   0x00000048   Data   RO          477    .constdata          freertos.o
    0x080071dc   0x080071dc   0x00000012   Data   RO         2118    .constdata          stm32f1xx_hal_rcc.o
    0x080071ee   0x080071ee   0x00000012   Data   RO         2210    .constdata          stm32f1xx_hal_rcc_ex.o
    0x08007200   0x08007200   0x00000010   Data   RO         3981    .constdata          system_stm32f1xx.o
    0x08007210   0x08007210   0x00000008   Data   RO         3982    .constdata          system_stm32f1xx.o
    0x08007218   0x08007218   0x00000b22   Data   RO         6050    .constdata          oled_fonts.o
    0x08007d3a   0x08007d3a   0x000005f0   Data   RO         6051    .constdata          oled_fonts.o
    0x0800832a   0x0800832a   0x00000532   Data   RO         6052    .constdata          oled_fonts.o
    0x0800885c   0x0800885c   0x0000023a   Data   RO         6053    .constdata          oled_fonts.o
    0x08008a96   0x08008a96   0x00000002   PAD
    0x08008a98   0x08008a98   0x00000008   Data   RO         6479    .constdata          c_w.l(_printf_wctomb.o)
    0x08008aa0   0x08008aa0   0x00000028   Data   RO         6508    .constdata          c_w.l(_printf_hex_int_ll_ptr.o)
    0x08008ac8   0x08008ac8   0x00000011   Data   RO         6528    .constdata          c_w.l(__printf_flags_ss_wp.o)
    0x08008ad9   0x08008ad9   0x00000026   Data   RO         6635    .constdata          c_w.l(_printf_fp_hex.o)
    0x08008aff   0x08008aff   0x0000000c   Data   RO         6648    .constdata          c_w.l(_monlen.o)
    0x08008b0b   0x08008b0b   0x00000001   PAD
    0x08008b0c   0x08008b0c   0x00000094   Data   RO         6707    .constdata          c_w.l(bigflt0.o)
    0x08008ba0   0x08008ba0   0x00000068   Data   RO          144    .conststring        timestamp.o
    0x08008c08   0x08008c08   0x00000018   Data   RO          478    .conststring        freertos.o
    0x08008c20   0x08008c20   0x00000020   Data   RO         6836    Region$$Table       anon$$obj.o
    0x08008c40   0x08008c40   0x00000180   Data   RO         6555    locale$$data        c_w.l(lc_time_c.o)
    0x08008dc0   0x08008dc0   0x00000110   Data   RO         6731    locale$$data        c_w.l(lc_ctype_c.o)
    0x08008ed0   0x08008ed0   0x0000001c   Data   RO         6734    locale$$data        c_w.l(lc_numeric_c.o)


    Execution Region RW_IRAM1 (Exec base: 0x20000000, Load base: 0x08008eec, Size: 0x000026b8, Max: 0x00005000, ABSOLUTE)

    Exec Addr    Load Addr    Size         Type   Attr      Idx    E Section Name        Object

    0x20000000   0x08008eec   0x00000004   Data   RW          145    .data               timestamp.o
    0x20000004   0x08008ef0   0x00000008   Data   RW          479    .data               freertos.o
    0x2000000c   0x08008ef8   0x0000000c   Data   RW         1955    .data               stm32f1xx_hal.o
    0x20000018   0x08008f04   0x00000004   Data   RW         3983    .data               system_stm32f1xx.o
    0x2000001c   0x08008f08   0x0000003c   Data   RW         4651    .data               tasks.o
    0x20000058   0x08008f44   0x00000014   Data   RW         4982    .data               timers.o
    0x2000006c   0x08008f58   0x00000004   Data   RW         5207    .data               cmsis_os2.o
    0x20000070   0x08008f5c   0x00000020   Data   RW         5657    .data               heap_4.o
    0x20000090   0x08008f7c   0x0000000c   Data   RW         5713    .data               port.o
    0x2000009c   0x08008f88   0x00000006   Data   RW         5908    .data               driver_esp8266.o
    0x200000a2   0x08008f8e   0x00000001   Data   RW         5991    .data               oled_driver.o
    0x200000a3   0x08008f8f   0x00000001   PAD
    0x200000a4        -       0x00000054   Zero   RW          556    .bss                i2c.o
    0x200000f8        -       0x00000014   Zero   RW          598    .bss                rtc.o
    0x2000010c        -       0x00000090   Zero   RW          643    .bss                tim.o
    0x2000019c        -       0x00000048   Zero   RW          705    .bss                usart.o
    0x200001e4        -       0x00000048   Zero   RW          885    .bss                stm32f1xx_hal_timebase_tim.o
    0x2000022c        -       0x00000040   Zero   RW         4226    .bss                queue.o
    0x2000026c        -       0x000004c4   Zero   RW         4650    .bss                tasks.o
    0x20000730        -       0x00000118   Zero   RW         4981    .bss                timers.o
    0x20000848        -       0x000006b8   Zero   RW         5206    .bss                cmsis_os2.o
    0x20000f00        -       0x00000c00   Zero   RW         5656    .bss                heap_4.o
    0x20001b00        -       0x0000012c   Zero   RW         5907    .bss                driver_esp8266.o
    0x20001c2c        -       0x00000400   Zero   RW         5990    .bss                oled_driver.o
    0x2000202c        -       0x0000002c   Zero   RW         6379    .bss                c_w.l(localtime.o)
    0x20002058        -       0x00000060   Zero   RW         6607    .bss                c_w.l(libspace.o)
    0x200020b8        -       0x00000200   Zero   RW            2    HEAP                startup_stm32f103xb.o
    0x200022b8        -       0x00000400   Zero   RW            1    STACK               startup_stm32f103xb.o


==============================================================================

Image component sizes


      Code (inc. data)   RO Data    RW Data    ZI Data      Debug   Object Name

       300         22          0          4       1720      57589   cmsis_os2.o
       492        188          0          6        300       4927   driver_esp8266.o
         0          0          0          0          0      19496   event_groups.o
       556         44         96          8          0       6991   freertos.o
       128          8          0          0          0        907   gpio.o
       472         24          0         32       3072       4627   heap_4.o
       156         26          0          0         84       1537   i2c.o
         0          0          0          0          0     439120   key.o
       138          0          0          0          0       3258   list.o
       198          6          0          0          0       9464   main.o
      1080         40          0          0          0       7611   oled.o
       802         28          0          1       1024       4289   oled_driver.o
         0          0       6270          0          0       2829   oled_fonts.o
       662         70          0         12          0      10449   port.o
      1514         20          0          0         64      16696   queue.o
       176         22          0          0         20       1483   rtc.o
        64         26        236          0       1536        788   startup_stm32f103xb.o
        64         14          0         12          0       4502   stm32f1xx_hal.o
       158         14          0          0          0      28070   stm32f1xx_hal_cortex.o
       222          4          0          0          0       1699   stm32f1xx_hal_dma.o
       490         34          0          0          0       2820   stm32f1xx_hal_gpio.o
      1870         48          0          0          0      11117   stm32f1xx_hal_i2c.o
        72         10          0          0          0        826   stm32f1xx_hal_msp.o
        12          4          0          0          0        491   stm32f1xx_hal_pwr.o
      1304         94         18          0          0       5573   stm32f1xx_hal_rcc.o
       400         28         18          0          0       2401   stm32f1xx_hal_rcc_ex.o
      1400         12          0          0          0      12324   stm32f1xx_hal_rtc.o
      1268         24          0          0          0      11952   stm32f1xx_hal_tim.o
       108         12          0          0          0       2309   stm32f1xx_hal_tim_ex.o
       152         20          0          0         72       1407   stm32f1xx_hal_timebase_tim.o
      1554         10          0          0          0      10640   stm32f1xx_hal_uart.o
        48         18          0          0          0       3677   stm32f1xx_it.o
         0          0          0          0          0        392   stream_buffer.o
         2          0         24          4          0       1047   system_stm32f1xx.o
      2084        168          0         60       1220      25580   tasks.o
       368         44          0          0        144       2793   tim.o
       972         80          0         20        280      31631   timers.o
       500        134        104          4          0     411213   timestamp.o
       192         22          0          0         72       2265   usart.o

    ----------------------------------------------------------------------
     20024       1318       6800        164       9608    1166790   Object Totals
         0          0         32          0          0          0   (incl. Generated)
        46          0          2          1          0          0   (incl. Padding)

    ----------------------------------------------------------------------

      Code (inc. data)   RO Data    RW Data    ZI Data      Debug   Library Member Name

        44          6          0          0          0         84   __2sprintf.o
         8          0          0          0          0         68   __main.o
       392          4         17          0          0         92   __printf_flags_ss_wp.o
        14          0          0          0          0         68   __printf_wp.o
         0          0          0          0          0          0   __rtentry.o
        12          0          0          0          0          0   __rtentry2.o
         6          0          0          0          0          0   __rtentry4.o
        52          8          0          0          0          0   __scatter.o
        26          0          0          0          0          0   __scatter_copy.o
        28          0          0          0          0          0   __scatter_zi.o
        28          0          0          0          0         68   _chval.o
         0          0         12          0          0          0   _monlen.o
         6          0          0          0          0          0   _printf_a.o
         6          0          0          0          0          0   _printf_c.o
        44          0          0          0          0        108   _printf_char.o
        48          6          0          0          0         96   _printf_char_common.o
        40          0          0          0          0         68   _printf_charcount.o
         6          0          0          0          0          0   _printf_d.o
       120         16          0          0          0         92   _printf_dec.o
         6          0          0          0          0          0   _printf_e.o
         6          0          0          0          0          0   _printf_f.o
      1054          0          0          0          0        216   _printf_fp_dec.o
       764          8         38          0          0        100   _printf_fp_hex.o
       128         16          0          0          0         84   _printf_fp_infnan.o
         6          0          0          0          0          0   _printf_g.o
       148          4         40          0          0        160   _printf_hex_int_ll_ptr.o
         6          0          0          0          0          0   _printf_i.o
       178          0          0          0          0         88   _printf_intcommon.o
        10          0          0          0          0          0   _printf_l.o
         6          0          0          0          0          0   _printf_lc.o
        10          0          0          0          0          0   _printf_ll.o
         6          0          0          0          0          0   _printf_lld.o
         6          0          0          0          0          0   _printf_lli.o
         6          0          0          0          0          0   _printf_llo.o
         6          0          0          0          0          0   _printf_llu.o
         6          0          0          0          0          0   _printf_llx.o
       124         16          0          0          0         92   _printf_longlong_dec.o
         6          0          0          0          0          0   _printf_ls.o
         6          0          0          0          0          0   _printf_n.o
         6          0          0          0          0          0   _printf_o.o
       112         10          0          0          0        124   _printf_oct_int_ll.o
         6          0          0          0          0          0   _printf_p.o
        78          0          0          0          0        108   _printf_pad.o
         0          0          0          0          0          0   _printf_percent.o
         4          0          0          0          0          0   _printf_percent_end.o
         6          0          0          0          0          0   _printf_s.o
        82          0          0          0          0         80   _printf_str.o
        36          0          0          0          0         84   _printf_truncate.o
         6          0          0          0          0          0   _printf_u.o
        44          0          0          0          0        108   _printf_wchar.o
       188          6          8          0          0         92   _printf_wctomb.o
         6          0          0          0          0          0   _printf_x.o
        10          0          0          0          0         68   _sputc.o
       158          0          0          0          0         92   _strtoul.o
        64          0          0          0          0         92   _wcrtomb.o
        16          0          0          0          0         68   aeabi_memset.o
        26          0          0          0          0         80   atoi.o
       228          4        148          0          0         96   bigflt0.o
      1936        128          0          0          0        672   btod.o
        18          0          0          0          0         80   exit.o
         6          0          0          0          0        152   heapauxi.o
         0          0          0          0          0          0   indicate_semi.o
        44         10        272          0          0         76   lc_ctype_c.o
        44         10         28          0          0         76   lc_numeric_c.o
        44         10        384          0          0         76   lc_time_c.o
         2          0          0          0          0          0   libinit.o
        40          0          0          0          0          0   libinit2.o
         2          0          0          0          0          0   libshutdown.o
         2          0          0          0          0          0   libshutdown2.o
         8          4          0          0         96         68   libspace.o
       138          0          0          0          0         80   lludiv10.o
        12          6          0          0         44         68   localtime.o
       184          6          0          0          0         80   localtime_internal.o
        16          4          0          0          0         76   rt_ctype_table.o
         8          4          0          0          0         68   rt_errno_addr_intlibspace.o
         8          4          0          0          0         68   rt_locale_intlibspace.o
        68          0          0          0          0         68   rt_memclr.o
        78          0          0          0          0         80   rt_memclr_w.o
       138          0          0          0          0         68   rt_memcpy_v6.o
       100          0          0          0          0         80   rt_memcpy_w.o
         2          0          0          0          0          0   rtexit.o
        10          0          0          0          0          0   rtexit2.o
        44          6          0          0          0         84   sprintf.o
       128          0          0          0          0         68   strcmpv7m.o
        72          0          0          0          0         80   strcpy.o
       864        122          0          0          0        184   strftime.o
        62          0          0          0          0         76   strlen.o
        36          0          0          0          0         80   strstr.o
       112          0          0          0          0         88   strtol.o
        12          4          0          0          0         68   sys_exit.o
        74          0          0          0          0         80   sys_stackheap_outer.o
         2          0          0          0          0         68   use_no_semi.o
         4          0          0          0          0         68   printf1.o
         4          0          0          0          0         68   printf2.o
         0          0          0          0          0          0   usenofp.o
        40          0          0          0          0         68   fpclassify.o

    ----------------------------------------------------------------------
      8816        422        948          0        140       5592   Library Totals
        10          0          1          0          0          0   (incl. Padding)

    ----------------------------------------------------------------------

      Code (inc. data)   RO Data    RW Data    ZI Data      Debug   Library Name

      8758        422        947          0        140       5388   c_w.l
         8          0          0          0          0        136   fz_ws.l
        40          0          0          0          0         68   m_ws.l

    ----------------------------------------------------------------------
      8816        422        948          0        140       5592   Library Totals

    ----------------------------------------------------------------------

==============================================================================


      Code (inc. data)   RO Data    RW Data    ZI Data      Debug   

     28840       1740       7748        164       9748    1158806   Grand Totals
     28840       1740       7748        164       9748    1158806   ELF Image Totals
     28840       1740       7748        164          0          0   ROM Totals

==============================================================================

    Total RO  Size (Code + RO Data)                36588 (  35.73kB)
    Total RW  Size (RW Data + ZI Data)              9912 (   9.68kB)
    Total ROM Size (Code + RO Data + RW Data)      36752 (  35.89kB)

==============================================================================

